Archive member included to satisfy reference by file (symbol)

/opt/homebrew/Cellar/arm-none-eabi-gcc/10.3-2021.10/gcc/bin/../lib/gcc/arm-none-eabi/10.3.1/../../../../arm-none-eabi/lib/thumb/v7e-m+fp/hard/libc.a(lib_a-exit.o)
                              /opt/homebrew/Cellar/arm-none-eabi-gcc/10.3-2021.10/gcc/bin/../lib/gcc/arm-none-eabi/10.3.1/../../../../arm-none-eabi/lib/thumb/v7e-m+fp/hard/rdimon-crt0.o (exit)
/opt/homebrew/Cellar/arm-none-eabi-gcc/10.3-2021.10/gcc/bin/../lib/gcc/arm-none-eabi/10.3.1/../../../../arm-none-eabi/lib/thumb/v7e-m+fp/hard/libc.a(lib_a-impure.o)
                              /opt/homebrew/Cellar/arm-none-eabi-gcc/10.3-2021.10/gcc/bin/../lib/gcc/arm-none-eabi/10.3.1/../../../../arm-none-eabi/lib/thumb/v7e-m+fp/hard/libc.a(lib_a-exit.o) (_global_impure_ptr)
/opt/homebrew/Cellar/arm-none-eabi-gcc/10.3-2021.10/gcc/bin/../lib/gcc/arm-none-eabi/10.3.1/../../../../arm-none-eabi/lib/thumb/v7e-m+fp/hard/libc.a(lib_a-init.o)
                              /opt/homebrew/Cellar/arm-none-eabi-gcc/10.3-2021.10/gcc/bin/../lib/gcc/arm-none-eabi/10.3.1/../../../../arm-none-eabi/lib/thumb/v7e-m+fp/hard/rdimon-crt0.o (__libc_init_array)
/opt/homebrew/Cellar/arm-none-eabi-gcc/10.3-2021.10/gcc/bin/../lib/gcc/arm-none-eabi/10.3.1/../../../../arm-none-eabi/lib/thumb/v7e-m+fp/hard/libc.a(lib_a-memset.o)
                              /opt/homebrew/Cellar/arm-none-eabi-gcc/10.3-2021.10/gcc/bin/../lib/gcc/arm-none-eabi/10.3.1/../../../../arm-none-eabi/lib/thumb/v7e-m+fp/hard/rdimon-crt0.o (memset)
/opt/homebrew/Cellar/arm-none-eabi-gcc/10.3-2021.10/gcc/bin/../lib/gcc/arm-none-eabi/10.3.1/../../../../arm-none-eabi/lib/thumb/v7e-m+fp/hard/libc.a(lib_a-__call_atexit.o)
                              /opt/homebrew/Cellar/arm-none-eabi-gcc/10.3-2021.10/gcc/bin/../lib/gcc/arm-none-eabi/10.3.1/../../../../arm-none-eabi/lib/thumb/v7e-m+fp/hard/libc.a(lib_a-exit.o) (__call_exitprocs)
/opt/homebrew/Cellar/arm-none-eabi-gcc/10.3-2021.10/gcc/bin/../lib/gcc/arm-none-eabi/10.3.1/../../../../arm-none-eabi/lib/thumb/v7e-m+fp/hard/libc.a(lib_a-atexit.o)
                              /opt/homebrew/Cellar/arm-none-eabi-gcc/10.3-2021.10/gcc/bin/../lib/gcc/arm-none-eabi/10.3.1/../../../../arm-none-eabi/lib/thumb/v7e-m+fp/hard/libc.a(lib_a-__call_atexit.o) (atexit)
/opt/homebrew/Cellar/arm-none-eabi-gcc/10.3-2021.10/gcc/bin/../lib/gcc/arm-none-eabi/10.3.1/../../../../arm-none-eabi/lib/thumb/v7e-m+fp/hard/libc.a(lib_a-fini.o)
                              /opt/homebrew/Cellar/arm-none-eabi-gcc/10.3-2021.10/gcc/bin/../lib/gcc/arm-none-eabi/10.3.1/../../../../arm-none-eabi/lib/thumb/v7e-m+fp/hard/libc.a(lib_a-__call_atexit.o) (__libc_fini_array)
/opt/homebrew/Cellar/arm-none-eabi-gcc/10.3-2021.10/gcc/bin/../lib/gcc/arm-none-eabi/10.3.1/../../../../arm-none-eabi/lib/thumb/v7e-m+fp/hard/libc.a(lib_a-lock.o)
                              /opt/homebrew/Cellar/arm-none-eabi-gcc/10.3-2021.10/gcc/bin/../lib/gcc/arm-none-eabi/10.3.1/../../../../arm-none-eabi/lib/thumb/v7e-m+fp/hard/libc.a(lib_a-__call_atexit.o) (__retarget_lock_acquire_recursive)
/opt/homebrew/Cellar/arm-none-eabi-gcc/10.3-2021.10/gcc/bin/../lib/gcc/arm-none-eabi/10.3.1/../../../../arm-none-eabi/lib/thumb/v7e-m+fp/hard/libc.a(lib_a-__atexit.o)
                              /opt/homebrew/Cellar/arm-none-eabi-gcc/10.3-2021.10/gcc/bin/../lib/gcc/arm-none-eabi/10.3.1/../../../../arm-none-eabi/lib/thumb/v7e-m+fp/hard/libc.a(lib_a-atexit.o) (__register_exitproc)
/opt/homebrew/Cellar/arm-none-eabi-gcc/10.3-2021.10/gcc/bin/../lib/gcc/arm-none-eabi/10.3.1/../../../../arm-none-eabi/lib/thumb/v7e-m+fp/hard/libnosys.a(_exit.o)
                              /opt/homebrew/Cellar/arm-none-eabi-gcc/10.3-2021.10/gcc/bin/../lib/gcc/arm-none-eabi/10.3.1/../../../../arm-none-eabi/lib/thumb/v7e-m+fp/hard/libc.a(lib_a-exit.o) (_exit)
/opt/homebrew/Cellar/arm-none-eabi-gcc/10.3-2021.10/gcc/bin/../lib/gcc/arm-none-eabi/10.3.1/thumb/v7e-m+fp/hard/libgcc.a(_aeabi_ldivmod.o)
                              00_code/01_bsp/hal/stm32f4xx-hal-driver/CMakeFiles/stm32f4xx_hal_driver_component.dir/Src/stm32f4xx_hal_irda.c.obj (__aeabi_ldivmod)
/opt/homebrew/Cellar/arm-none-eabi-gcc/10.3-2021.10/gcc/bin/../lib/gcc/arm-none-eabi/10.3.1/thumb/v7e-m+fp/hard/libgcc.a(_aeabi_uldivmod.o)
                              00_code/01_bsp/hal/stm32f4xx-hal-driver/CMakeFiles/stm32f4xx_hal_driver_component.dir/Src/stm32f4xx_hal_irda.c.obj (__aeabi_uldivmod)
/opt/homebrew/Cellar/arm-none-eabi-gcc/10.3-2021.10/gcc/bin/../lib/gcc/arm-none-eabi/10.3.1/thumb/v7e-m+fp/hard/libgcc.a(_udivmoddi4.o)
                              /opt/homebrew/Cellar/arm-none-eabi-gcc/10.3-2021.10/gcc/bin/../lib/gcc/arm-none-eabi/10.3.1/thumb/v7e-m+fp/hard/libgcc.a(_aeabi_ldivmod.o) (__udivmoddi4)
/opt/homebrew/Cellar/arm-none-eabi-gcc/10.3-2021.10/gcc/bin/../lib/gcc/arm-none-eabi/10.3.1/thumb/v7e-m+fp/hard/libgcc.a(_dvmd_tls.o)
[...]
Memory Configuration

Name             Origin             Length             Attributes
RAM              0x0000000020000000 0x0000000000020000 xrw
FLASH            0x0000000008000000 0x0000000000080000 xr
*default*        0x0000000000000000 0xffffffffffffffff

Linker script and memory map

LOAD /opt/homebrew/Cellar/arm-none-eabi-gcc/10.3-2021.10/gcc/bin/../lib/gcc/arm-none-eabi/10.3.1/thumb/v7e-m+fp/hard/crti.o
LOAD /opt/homebrew/Cellar/arm-none-eabi-gcc/10.3-2021.10/gcc/bin/../lib/gcc/arm-none-eabi/10.3.1/thumb/v7e-m+fp/hard/crtbegin.o
LOAD /opt/homebrew/Cellar/arm-none-eabi-gcc/10.3-2021.10/gcc/bin/../lib/gcc/arm-none-eabi/10.3.1/../../../../arm-none-eabi/lib/thumb/v7e-m+fp/hard/rdimon-crt0.o
LOAD /opt/homebrew/Cellar/arm-none-eabi-gcc/10.3-2021.10/gcc/bin/../lib/gcc/arm-none-eabi/10.3.1/../../../../arm-none-eabi/lib/thumb/v7e-m+fp/hard/libc.a
LOAD /opt/homebrew/Cellar/arm-none-eabi-gcc/10.3-2021.10/gcc/bin/../lib/gcc/arm-none-eabi/10.3.1/../../../../arm-none-eabi/lib/thumb/v7e-m+fp/hard/libm.a
LOAD /opt/homebrew/Cellar/arm-none-eabi-gcc/10.3-2021.10/gcc/bin/../lib/gcc/arm-none-eabi/10.3.1/../../../../arm-none-eabi/lib/thumb/v7e-m+fp/hard/libnosys.a
LOAD 00_code/01_bsp/cmsis/cmsis-device-f4-master/CMakeFiles/cmsis_f4xx_component.dir/Source/Templates/gcc/startup_stm32f411xe.s.obj
LOAD 00_code/01_bsp/hal/stm32f4xx-hal-driver/CMakeFiles/stm32f4xx_hal_driver_component.dir/Src/stm32f4xx_hal_i2c.c.obj
LOAD 00_code/01_bsp/hal/stm32f4xx-hal-driver/CMakeFiles/stm32f4xx_hal_driver_component.dir/Src/stm32f4xx_hal_sram.c.obj
LOAD 00_code/01_bsp/hal/stm32f4xx-hal-driver/CMakeFiles/stm32f4xx_hal_driver_component.dir/Src/stm32f4xx_hal.c.obj
LOAD 00_code/01_bsp/hal/stm32f4xx-hal-driver/CMakeFiles/stm32f4xx_hal_driver_component.dir/Src/stm32f4xx_hal_i2c_ex.c.obj
LOAD 00_code/01_bsp/hal/stm32f4xx-hal-driver/CMakeFiles/stm32f4xx_hal_driver_component.dir/Src/stm32f4xx_hal_tim.c.obj
LOAD 00_code/01_bsp/hal/stm32f4xx-hal-driver/CMakeFiles/stm32f4xx_hal_driver_component.dir/Src/stm32f4xx_hal_adc.c.obj
LOAD 00_code/01_bsp/hal/stm32f4xx-hal-driver/CMakeFiles/stm32f4xx_hal_driver_component.dir/Src/stm32f4xx_hal_i2s.c.obj
LOAD 00_code/01_bsp/hal/stm32f4xx-hal-driver/CMakeFiles/stm32f4xx_hal_driver_component.dir/Src/stm32f4xx_hal_tim_ex.c.obj
LOAD 00_code/01_bsp/hal/stm32f4xx-hal-driver/CMakeFiles/stm32f4xx_hal_driver_component.dir/Src/stm32f4xx_hal_adc_ex.c.obj
LOAD 00_code/01_bsp/hal/stm32f4xx-hal-driver/CMakeFiles/stm32f4xx_hal_driver_component.dir/Src/stm32f4xx_hal_i2s_ex.c.obj
LOAD 00_code/01_bsp/hal/stm32f4xx-hal-driver/CMakeFiles/stm32f4xx_hal_driver_component.dir/Src/stm32f4xx_hal_can.c.obj
LOAD 00_code/01_bsp/hal/stm32f4xx-hal-driver/CMakeFiles/stm32f4xx_hal_driver_component.dir/Src/stm32f4xx_hal_irda.c.obj
LOAD 00_code/01_bsp/hal/stm32f4xx-hal-driver/CMakeFiles/stm32f4xx_hal_driver_component.dir/Src/stm32f4xx_hal_cec.c.obj
LOAD 00_code/01_bsp/hal/stm32f4xx-hal-driver/CMakeFiles/stm32f4xx_hal_driver_component.dir/Src/stm32f4xx_hal_iwdg.c.obj
LOAD 00_code/01_bsp/hal/stm32f4xx-hal-driver/CMakeFiles/stm32f4xx_hal_driver_component.dir/Src/stm32f4xx_hal_cortex.c.obj
LOAD 00_code/01_bsp/hal/stm32f4xx-hal-driver/CMakeFiles/stm32f4xx_hal_driver_component.dir/Src/stm32f4xx_hal_lptim.c.obj
LOAD 00_code/01_bsp/hal/stm32f4xx-hal-driver/CMakeFiles/stm32f4xx_hal_driver_component.dir/Src/stm32f4xx_hal_uart.c.obj
LOAD 00_code/01_bsp/hal/stm32f4xx-hal-driver/CMakeFiles/stm32f4xx_hal_driver_component.dir/Src/stm32f4xx_hal_crc.c.obj
LOAD 00_code/01_bsp/hal/stm32f4xx-hal-driver/CMakeFiles/stm32f4xx_hal_driver_component.dir/Src/stm32f4xx_hal_ltdc.c.obj
LOAD 00_code/01_bsp/hal/stm32f4xx-hal-driver/CMakeFiles/stm32f4xx_hal_driver_component.dir/Src/stm32f4xx_hal_usart.c.obj
LOAD 00_code/01_bsp/hal/stm32f4xx-hal-driver/CMakeFiles/stm32f4xx_hal_driver_component.dir/Src/stm32f4xx_hal_cryp.c.obj
LOAD 00_code/01_bsp/hal/stm32f4xx-hal-driver/CMakeFiles/stm32f4xx_hal_driver_component.dir/Src/stm32f4xx_hal_ltdc_ex.c.obj
LOAD 00_code/01_bsp/hal/stm32f4xx-hal-driver/CMakeFiles/stm32f4xx_hal_driver_component.dir/Src/stm32f4xx_hal_wwdg.c.obj
LOAD 00_code/01_bsp/hal/stm32f4xx-hal-driver/CMakeFiles/stm32f4xx_hal_driver_component.dir/Src/stm32f4xx_hal_cryp_ex.c.obj
LOAD 00_code/01_bsp/hal/stm32f4xx-hal-driver/CMakeFiles/stm32f4xx_hal_driver_component.dir/Src/stm32f4xx_hal_mmc.c.obj
LOAD 00_code/01_bsp/hal/stm32f4xx-hal-driver/CMakeFiles/stm32f4xx_hal_driver_component.dir/Src/stm32f4xx_ll_adc.c.obj
LOAD 00_code/01_bsp/hal/stm32f4xx-hal-driver/CMakeFiles/stm32f4xx_hal_driver_component.dir/Src/stm32f4xx_hal_dac.c.obj
LOAD 00_code/01_bsp/hal/stm32f4xx-hal-driver/CMakeFiles/stm32f4xx_hal_driver_component.dir/Src/stm32f4xx_ll_crc.c.obj
LOAD 00_code/01_bsp/hal/stm32f4xx-hal-driver/CMakeFiles/stm32f4xx_hal_driver_component.dir/Src/stm32f4xx_hal_dac_ex.c.obj
LOAD 00_code/01_bsp/hal/stm32f4xx-hal-driver/CMakeFiles/stm32f4xx_hal_driver_component.dir/Src/stm32f4xx_hal_nand.c.obj
LOAD 00_code/01_bsp/hal/stm32f4xx-hal-driver/CMakeFiles/stm32f4xx_hal_driver_component.dir/Src/stm32f4xx_ll_dac.c.obj
LOAD 00_code/01_bsp/hal/stm32f4xx-hal-driver/CMakeFiles/stm32f4xx_hal_driver_component.dir/Src/stm32f4xx_hal_dcmi.c.obj
LOAD 00_code/01_bsp/hal/stm32f4xx-hal-driver/CMakeFiles/stm32f4xx_hal_driver_component.dir/Src/stm32f4xx_hal_nor.c.obj
LOAD 00_code/01_bsp/hal/stm32f4xx-hal-driver/CMakeFiles/stm32f4xx_hal_driver_component.dir/Src/stm32f4xx_ll_dma.c.obj
LOAD 00_code/01_bsp/hal/stm32f4xx-hal-driver/CMakeFiles/stm32f4xx_hal_driver_component.dir/Src/stm32f4xx_hal_dcmi_ex.c.obj
LOAD 00_code/01_bsp/hal/stm32f4xx-hal-driver/CMakeFiles/stm32f4xx_hal_driver_component.dir/Src/stm32f4xx_hal_pccard.c.obj
LOAD 00_code/01_bsp/hal/stm32f4xx-hal-driver/CMakeFiles/stm32f4xx_hal_driver_component.dir/Src/stm32f4xx_ll_dma2d.c.obj
LOAD 00_code/01_bsp/hal/stm32f4xx-hal-driver/CMakeFiles/stm32f4xx_hal_driver_component.dir/Src/stm32f4xx_hal_dfsdm.c.obj
LOAD 00_code/01_bsp/hal/stm32f4xx-hal-driver/CMakeFiles/stm32f4xx_hal_driver_component.dir/Src/stm32f4xx_hal_pcd.c.obj
LOAD 00_code/01_bsp/hal/stm32f4xx-hal-driver/CMakeFiles/stm32f4xx_hal_driver_component.dir/Src/stm32f4xx_ll_exti.c.obj
LOAD 00_code/01_bsp/hal/stm32f4xx-hal-driver/CMakeFiles/stm32f4xx_hal_driver_component.dir/Src/stm32f4xx_hal_dma.c.obj
LOAD 00_code/01_bsp/hal/stm32f4xx-hal-driver/CMakeFiles/stm32f4xx_hal_driver_component.dir/Src/stm32f4xx_hal_pcd_ex.c.obj
LOAD 00_code/01_bsp/hal/stm32f4xx-hal-driver/CMakeFiles/stm32f4xx_hal_driver_component.dir/Src/stm32f4xx_ll_fmc.c.obj
LOAD 00_code/01_bsp/hal/stm32f4xx-hal-driver/CMakeFiles/stm32f4xx_hal_driver_component.dir/Src/stm32f4xx_hal_dma2d.c.obj
LOAD 00_code/01_bsp/hal/stm32f4xx-hal-driver/CMakeFiles/stm32f4xx_hal_driver_component.dir/Src/stm32f4xx_hal_pwr.c.obj
LOAD 00_code/01_bsp/hal/stm32f4xx-hal-driver/CMakeFiles/stm32f4xx_hal_driver_component.dir/Src/stm32f4xx_ll_fmpi2c.c.obj
LOAD 00_code/01_bsp/hal/stm32f4xx-hal-driver/CMakeFiles/stm32f4xx_hal_driver_component.dir/Src/stm32f4xx_hal_dma_ex.c.obj
LOAD 00_code/01_bsp/hal/stm32f4xx-hal-driver/CMakeFiles/stm32f4xx_hal_driver_component.dir/Src/stm32f4xx_hal_pwr_ex.c.obj
LOAD 00_code/01_bsp/hal/stm32f4xx-hal-driver/CMakeFiles/stm32f4xx_hal_driver_component.dir/Src/stm32f4xx_ll_fsmc.c.obj
LOAD 00_code/01_bsp/hal/stm32f4xx-hal-driver/CMakeFiles/stm32f4xx_hal_driver_component.dir/Src/stm32f4xx_hal_dsi.c.obj
LOAD 00_code/01_bsp/hal/stm32f4xx-hal-driver/CMakeFiles/stm32f4xx_hal_driver_component.dir/Src/stm32f4xx_hal_qspi.c.obj
LOAD 00_code/01_bsp/hal/stm32f4xx-hal-driver/CMakeFiles/stm32f4xx_hal_driver_component.dir/Src/stm32f4xx_ll_gpio.c.obj
LOAD 00_code/01_bsp/hal/stm32f4xx-hal-driver/CMakeFiles/stm32f4xx_hal_driver_component.dir/Src/stm32f4xx_hal_eth.c.obj
LOAD 00_code/01_bsp/hal/stm32f4xx-hal-driver/CMakeFiles/stm32f4xx_hal_driver_component.dir/Src/stm32f4xx_hal_rcc.c.obj
LOAD 00_code/01_bsp/hal/stm32f4xx-hal-driver/CMakeFiles/stm32f4xx_hal_driver_component.dir/Src/stm32f4xx_ll_i2c.c.obj
LOAD 00_code/01_bsp/hal/stm32f4xx-hal-driver/CMakeFiles/stm32f4xx_hal_driver_component.dir/Src/stm32f4xx_hal_exti.c.obj
LOAD 00_code/01_bsp/hal/stm32f4xx-hal-driver/CMakeFiles/stm32f4xx_hal_driver_component.dir/Src/stm32f4xx_hal_rcc_ex.c.obj
LOAD 00_code/01_bsp/hal/stm32f4xx-hal-driver/CMakeFiles/stm32f4xx_hal_driver_component.dir/Src/stm32f4xx_ll_lptim.c.obj
LOAD 00_code/01_bsp/hal/stm32f4xx-hal-driver/CMakeFiles/stm32f4xx_hal_driver_component.dir/Src/stm32f4xx_hal_flash.c.obj
LOAD 00_code/01_bsp/hal/stm32f4xx-hal-driver/CMakeFiles/stm32f4xx_hal_driver_component.dir/Src/stm32f4xx_hal_rng.c.obj
LOAD 00_code/01_bsp/hal/stm32f4xx-hal-driver/CMakeFiles/stm32f4xx_hal_driver_component.dir/Src/stm32f4xx_ll_pwr.c.obj
LOAD 00_code/01_bsp/hal/stm32f4xx-hal-driver/CMakeFiles/stm32f4xx_hal_driver_component.dir/Src/stm32f4xx_hal_flash_ex.c.obj
LOAD 00_code/01_bsp/hal/stm32f4xx-hal-driver/CMakeFiles/stm32f4xx_hal_driver_component.dir/Src/stm32f4xx_hal_rtc.c.obj
LOAD 00_code/01_bsp/hal/stm32f4xx-hal-driver/CMakeFiles/stm32f4xx_hal_driver_component.dir/Src/stm32f4xx_ll_rcc.c.obj
LOAD 00_code/01_bsp/hal/stm32f4xx-hal-driver/CMakeFiles/stm32f4xx_hal_driver_component.dir/Src/stm32f4xx_hal_flash_ramfunc.c.obj
LOAD 00_code/01_bsp/hal/stm32f4xx-hal-driver/CMakeFiles/stm32f4xx_hal_driver_component.dir/Src/stm32f4xx_hal_rtc_ex.c.obj
LOAD 00_code/01_bsp/hal/stm32f4xx-hal-driver/CMakeFiles/stm32f4xx_hal_driver_component.dir/Src/stm32f4xx_ll_rng.c.obj
LOAD 00_code/01_bsp/hal/stm32f4xx-hal-driver/CMakeFiles/stm32f4xx_hal_driver_component.dir/Src/stm32f4xx_hal_fmpi2c.c.obj
LOAD 00_code/01_bsp/hal/stm32f4xx-hal-driver/CMakeFiles/stm32f4xx_hal_driver_component.dir/Src/stm32f4xx_hal_sai.c.obj
LOAD 00_code/01_bsp/hal/stm32f4xx-hal-driver/CMakeFiles/stm32f4xx_hal_driver_component.dir/Src/stm32f4xx_ll_rtc.c.obj
LOAD 00_code/01_bsp/hal/stm32f4xx-hal-driver/CMakeFiles/stm32f4xx_hal_driver_component.dir/Src/stm32f4xx_hal_fmpi2c_ex.c.obj
LOAD 00_code/01_bsp/hal/stm32f4xx-hal-driver/CMakeFiles/stm32f4xx_hal_driver_component.dir/Src/stm32f4xx_hal_sai_ex.c.obj
LOAD 00_code/01_bsp/hal/stm32f4xx-hal-driver/CMakeFiles/stm32f4xx_hal_driver_component.dir/Src/stm32f4xx_ll_sdmmc.c.obj
LOAD 00_code/01_bsp/hal/stm32f4xx-hal-driver/CMakeFiles/stm32f4xx_hal_driver_component.dir/Src/stm32f4xx_hal_fmpsmbus.c.obj
LOAD 00_code/01_bsp/hal/stm32f4xx-hal-driver/CMakeFiles/stm32f4xx_hal_driver_component.dir/Src/stm32f4xx_hal_sd.c.obj
LOAD 00_code/01_bsp/hal/stm32f4xx-hal-driver/CMakeFiles/stm32f4xx_hal_driver_component.dir/Src/stm32f4xx_ll_spi.c.obj
LOAD 00_code/01_bsp/hal/stm32f4xx-hal-driver/CMakeFiles/stm32f4xx_hal_driver_component.dir/Src/stm32f4xx_hal_fmpsmbus_ex.c.obj
LOAD 00_code/01_bsp/hal/stm32f4xx-hal-driver/CMakeFiles/stm32f4xx_hal_driver_component.dir/Src/stm32f4xx_hal_sdram.c.obj
LOAD 00_code/01_bsp/hal/stm32f4xx-hal-driver/CMakeFiles/stm32f4xx_hal_driver_component.dir/Src/stm32f4xx_ll_tim.c.obj
LOAD 00_code/01_bsp/hal/stm32f4xx-hal-driver/CMakeFiles/stm32f4xx_hal_driver_component.dir/Src/stm32f4xx_hal_gpio.c.obj
LOAD 00_code/01_bsp/hal/stm32f4xx-hal-driver/CMakeFiles/stm32f4xx_hal_driver_component.dir/Src/stm32f4xx_hal_smartcard.c.obj
LOAD 00_code/01_bsp/hal/stm32f4xx-hal-driver/CMakeFiles/stm32f4xx_hal_driver_component.dir/Src/stm32f4xx_ll_usart.c.obj
LOAD 00_code/01_bsp/hal/stm32f4xx-hal-driver/CMakeFiles/stm32f4xx_hal_driver_component.dir/Src/stm32f4xx_hal_hash.c.obj
LOAD 00_code/01_bsp/hal/stm32f4xx-hal-driver/CMakeFiles/stm32f4xx_hal_driver_component.dir/Src/stm32f4xx_hal_smbus.c.obj
LOAD 00_code/01_bsp/hal/stm32f4xx-hal-driver/CMakeFiles/stm32f4xx_hal_driver_component.dir/Src/stm32f4xx_ll_usb.c.obj
LOAD 00_code/01_bsp/hal/stm32f4xx-hal-driver/CMakeFiles/stm32f4xx_hal_driver_component.dir/Src/stm32f4xx_hal_hash_ex.c.obj
LOAD 00_code/01_bsp/hal/stm32f4xx-hal-driver/CMakeFiles/stm32f4xx_hal_driver_component.dir/Src/stm32f4xx_hal_spdifrx.c.obj
LOAD 00_code/01_bsp/hal/stm32f4xx-hal-driver/CMakeFiles/stm32f4xx_hal_driver_component.dir/Src/stm32f4xx_ll_utils.c.obj
LOAD 00_code/01_bsp/hal/stm32f4xx-hal-driver/CMakeFiles/stm32f4xx_hal_driver_component.dir/Src/stm32f4xx_hal_hcd.c.obj
LOAD 00_code/01_bsp/hal/stm32f4xx-hal-driver/CMakeFiles/stm32f4xx_hal_driver_component.dir/Src/stm32f4xx_hal_spi.c.obj
LOAD 00_code/30_main/CMakeFiles/main_component.dir/Src/main.c.obj
LOAD 00_code/30_main/CMakeFiles/main_component.dir/Src/adc.c.obj
LOAD 00_code/30_main/CMakeFiles/main_component.dir/Src/gpio.c.obj
LOAD 00_code/30_main/CMakeFiles/main_component.dir/Src/stm32f4xx_hal_msp.c.obj
LOAD 00_code/30_main/CMakeFiles/main_component.dir/Src/stm32f4xx_it.c.obj
LOAD 00_code/30_main/CMakeFiles/main_component.dir/Src/sysmem.c.obj
LOAD 00_code/30_main/CMakeFiles/main_component.dir/Src/stm32f4xx_hal_timebase_tim.c.obj
LOAD 00_code/30_main/CMakeFiles/main_component.dir/Src/system_stm32f4xx.c.obj
START GROUP
LOAD /opt/homebrew/Cellar/arm-none-eabi-gcc/10.3-2021.10/gcc/bin/../lib/gcc/arm-none-eabi/10.3.1/thumb/v7e-m+fp/hard/libgcc.a
LOAD /opt/homebrew/Cellar/arm-none-eabi-gcc/10.3-2021.10/gcc/bin/../lib/gcc/arm-none-eabi/10.3.1/../../../../arm-none-eabi/lib/thumb/v7e-m+fp/hard/libc.a
END GROUP
START GROUP
LOAD /opt/homebrew/Cellar/arm-none-eabi-gcc/10.3-2021.10/gcc/bin/../lib/gcc/arm-none-eabi/10.3.1/thumb/v7e-m+fp/hard/libgcc.a
LOAD /opt/homebrew/Cellar/arm-none-eabi-gcc/10.3-2021.10/gcc/bin/../lib/gcc/arm-none-eabi/10.3.1/../../../../arm-none-eabi/lib/thumb/v7e-m+fp/hard/libc.a
LOAD /opt/homebrew/Cellar/arm-none-eabi-gcc/10.3-2021.10/gcc/bin/../lib/gcc/arm-none-eabi/10.3.1/../../../../arm-none-eabi/lib/thumb/v7e-m+fp/hard/librdimon.a
END GROUP
LOAD /opt/homebrew/Cellar/arm-none-eabi-gcc/10.3-2021.10/gcc/bin/../lib/gcc/arm-none-eabi/10.3.1/thumb/v7e-m+fp/hard/crtend.o
LOAD /opt/homebrew/Cellar/arm-none-eabi-gcc/10.3-2021.10/gcc/bin/../lib/gcc/arm-none-eabi/10.3.1/thumb/v7e-m+fp/hard/crtn.o
                0x0000000020020000                _estack = (ORIGIN (RAM) + LENGTH (RAM))
                0x0000000000000200                _Min_Heap_Size = 0x200
                0x0000000000000400                _Min_Stack_Size = 0x400

.isr_vector     0x0000000008000000      0x198
                0x0000000008000000                . = ALIGN (0x4)
 *(.isr_vector)
 .isr_vector    0x0000000008000000      0x198 00_code/01_bsp/cmsis/cmsis-device-f4-master/CMakeFiles/cmsis_f4xx_component.dir/Source/Templates/gcc/startup_stm32f411xe.s.obj
                0x0000000008000000                g_pfnVectors
                0x0000000008000198                . = ALIGN (0x4)

.text           0x0000000008000198     0x1760
                0x0000000008000198                . = ALIGN (0x4)
 *(.text)
 .text          0x0000000008000198       0x40 /opt/homebrew/Cellar/arm-none-eabi-gcc/10.3-2021.10/gcc/bin/../lib/gcc/arm-none-eabi/10.3.1/thumb/v7e-m+fp/hard/crtbegin.o
 .text          0x00000000080001d8       0x30 /opt/homebrew/Cellar/arm-none-eabi-gcc/10.3-2021.10/gcc/bin/../lib/gcc/arm-none-eabi/10.3.1/thumb/v7e-m+fp/hard/libgcc.a(_aeabi_uldivmod.o)
                0x00000000080001d8                __aeabi_uldivmod
 .text          0x0000000008000208      0x2d0 /opt/homebrew/Cellar/arm-none-eabi-gcc/10.3-2021.10/gcc/bin/../lib/gcc/arm-none-eabi/10.3.1/thumb/v7e-m+fp/hard/libgcc.a(_udivmoddi4.o)
                0x0000000008000208                __udivmoddi4
 .text          0x00000000080004d8        0x4 /opt/homebrew/Cellar/arm-none-eabi-gcc/10.3-2021.10/gcc/bin/../lib/gcc/arm-none-eabi/10.3.1/thumb/v7e-m+fp/hard/libgcc.a(_dvmd_tls.o)
                0x00000000080004d8                __aeabi_ldiv0
                0x00000000080004d8                __aeabi_idiv0
 *(.text*)
 .text.__libc_init_array
                0x00000000080004dc       0x48 /opt/homebrew/Cellar/arm-none-eabi-gcc/10.3-2021.10/gcc/bin/../lib/gcc/arm-none-eabi/10.3.1/../../../../arm-none-eabi/lib/thumb/v7e-m+fp/hard/libc.a(lib_a-init.o)
                0x00000000080004dc                __libc_init_array
 .text.memset   0x0000000008000524       0xa4 /opt/homebrew/Cellar/arm-none-eabi-gcc/10.3-2021.10/gcc/bin/../lib/gcc/arm-none-eabi/10.3.1/../../../../arm-none-eabi/lib/thumb/v7e-m+fp/hard/libc.a(lib_a-memset.o)
                0x0000000008000524                memset
 .text.startup.register_fini
                0x00000000080005c8       0x14 /opt/homebrew/Cellar/arm-none-eabi-gcc/10.3-2021.10/gcc/bin/../lib/gcc/arm-none-eabi/10.3.1/../../../../arm-none-eabi/lib/thumb/v7e-m+fp/hard/libc.a(lib_a-__call_atexit.o)
 .text.atexit   0x00000000080005dc        0xc /opt/homebrew/Cellar/arm-none-eabi-gcc/10.3-2021.10/gcc/bin/../lib/gcc/arm-none-eabi/10.3.1/../../../../arm-none-eabi/lib/thumb/v7e-m+fp/hard/libc.a(lib_a-atexit.o)
                0x00000000080005dc                atexit
 .text.__libc_fini_array
                0x00000000080005e8       0x2c /opt/homebrew/Cellar/arm-none-eabi-gcc/10.3-2021.10/gcc/bin/../lib/gcc/arm-none-eabi/10.3.1/../../../../arm-none-eabi/lib/thumb/v7e-m+fp/hard/libc.a(lib_a-fini.o)
                0x00000000080005e8                __libc_fini_array
 .text.__retarget_lock_acquire_recursive
                0x0000000008000614        0x4 /opt/homebrew/Cellar/arm-none-eabi-gcc/10.3-2021.10/gcc/bin/../lib/gcc/arm-none-eabi/10.3.1/../../../../arm-none-eabi/lib/thumb/v7e-m+fp/hard/libc.a(lib_a-lock.o)
                0x0000000008000614                __retarget_lock_acquire_recursive
 .text.__retarget_lock_release_recursive
                0x0000000008000618        0x4 /opt/homebrew/Cellar/arm-none-eabi-gcc/10.3-2021.10/gcc/bin/../lib/gcc/arm-none-eabi/10.3.1/../../../../arm-none-eabi/lib/thumb/v7e-m+fp/hard/libc.a(lib_a-lock.o)
                0x0000000008000618                __retarget_lock_release_recursive
 .text.__register_exitproc
                0x000000000800061c       0x8c /opt/homebrew/Cellar/arm-none-eabi-gcc/10.3-2021.10/gcc/bin/../lib/gcc/arm-none-eabi/10.3.1/../../../../arm-none-eabi/lib/thumb/v7e-m+fp/hard/libc.a(lib_a-__atexit.o)
                0x000000000800061c                __register_exitproc
 .text.Reset_Handler
                0x00000000080006a8       0x50 00_code/01_bsp/cmsis/cmsis-device-f4-master/CMakeFiles/cmsis_f4xx_component.dir/Source/Templates/gcc/startup_stm32f411xe.s.obj
                0x00000000080006a8                Reset_Handler
 .text.Default_Handler
                0x00000000080006f8        0x2 00_code/01_bsp/cmsis/cmsis-device-f4-master/CMakeFiles/cmsis_f4xx_component.dir/Source/Templates/gcc/startup_stm32f411xe.s.obj
                0x00000000080006f8                DMA1_Stream3_IRQHandler
                0x00000000080006f8                EXTI2_IRQHandler
                0x00000000080006f8                SPI4_IRQHandler
                0x00000000080006f8                TIM1_CC_IRQHandler
                0x00000000080006f8                DMA2_Stream5_IRQHandler
                0x00000000080006f8                DMA1_Stream5_IRQHandler
                0x00000000080006f8                SysTick_Handler
                0x00000000080006f8                PVD_IRQHandler
                0x00000000080006f8                SDIO_IRQHandler
                0x00000000080006f8                TAMP_STAMP_IRQHandler
                0x00000000080006f8                PendSV_Handler
                0x00000000080006f8                EXTI3_IRQHandler
                0x00000000080006f8                TIM1_UP_TIM10_IRQHandler
                0x00000000080006f8                I2C3_ER_IRQHandler
                0x00000000080006f8                EXTI0_IRQHandler
                0x00000000080006f8                I2C2_EV_IRQHandler
                0x00000000080006f8                DMA1_Stream2_IRQHandler
                0x00000000080006f8                FPU_IRQHandler
                0x00000000080006f8                DMA2_Stream2_IRQHandler
                0x00000000080006f8                SPI1_IRQHandler
                0x00000000080006f8                DMA2_Stream3_IRQHandler
                0x00000000080006f8                USART6_IRQHandler
                0x00000000080006f8                DMA2_Stream0_IRQHandler
                0x00000000080006f8                TIM4_IRQHandler
                0x00000000080006f8                I2C1_EV_IRQHandler
                0x00000000080006f8                DMA1_Stream6_IRQHandler
                0x00000000080006f8                DMA1_Stream1_IRQHandler
                0x00000000080006f8                TIM3_IRQHandler
                0x00000000080006f8                RCC_IRQHandler
                0x00000000080006f8                Default_Handler
                0x00000000080006f8                EXTI15_10_IRQHandler
                0x00000000080006f8                ADC_IRQHandler
                0x00000000080006f8                DMA1_Stream7_IRQHandler
                0x00000000080006f8                SPI5_IRQHandler
                0x00000000080006f8                TIM5_IRQHandler
                0x00000000080006f8                DMA2_Stream7_IRQHandler
                0x00000000080006f8                I2C3_EV_IRQHandler
                0x00000000080006f8                EXTI9_5_IRQHandler
                0x00000000080006f8                RTC_WKUP_IRQHandler
                0x00000000080006f8                SPI2_IRQHandler
                0x00000000080006f8                DMA1_Stream0_IRQHandler
                0x00000000080006f8                SVC_Handler
                0x00000000080006f8                EXTI4_IRQHandler
                0x00000000080006f8                WWDG_IRQHandler
                0x00000000080006f8                TIM2_IRQHandler
                0x00000000080006f8                OTG_FS_WKUP_IRQHandler
                0x00000000080006f8                TIM1_TRG_COM_TIM11_IRQHandler
                0x00000000080006f8                EXTI1_IRQHandler
                0x00000000080006f8                USART2_IRQHandler
                0x00000000080006f8                I2C2_ER_IRQHandler
                0x00000000080006f8                DMA2_Stream1_IRQHandler
                0x00000000080006f8                FLASH_IRQHandler
                0x00000000080006f8                DMA2_Stream4_IRQHandler
                0x00000000080006f8                USART1_IRQHandler
                0x00000000080006f8                OTG_FS_IRQHandler
                0x00000000080006f8                SPI3_IRQHandler
                0x00000000080006f8                DMA1_Stream4_IRQHandler
                0x00000000080006f8                I2C1_ER_IRQHandler
                0x00000000080006f8                DMA2_Stream6_IRQHandler
                0x00000000080006f8                RTC_Alarm_IRQHandler
 *fill*         0x00000000080006fa        0x2 
 .text.HAL_Init
                0x00000000080006fc       0x34 00_code/01_bsp/hal/stm32f4xx-hal-driver/CMakeFiles/stm32f4xx_hal_driver_component.dir/Src/stm32f4xx_hal.c.obj
                0x00000000080006fc                HAL_Init
 .text.HAL_IncTick
                0x0000000008000730       0x18 00_code/01_bsp/hal/stm32f4xx-hal-driver/CMakeFiles/stm32f4xx_hal_driver_component.dir/Src/stm32f4xx_hal.c.obj
                0x0000000008000730                HAL_IncTick
 .text.HAL_GetTick
                0x0000000008000748        0xc 00_code/01_bsp/hal/stm32f4xx-hal-driver/CMakeFiles/stm32f4xx_hal_driver_component.dir/Src/stm32f4xx_hal.c.obj
                0x0000000008000748                HAL_GetTick
 .text.HAL_TIM_Base_MspInit
                0x0000000008000754        0x4 00_code/01_bsp/hal/stm32f4xx-hal-driver/CMakeFiles/stm32f4xx_hal_driver_component.dir/Src/stm32f4xx_hal_tim.c.obj
                0x0000000008000754                HAL_TIM_Base_MspInit
 .text.HAL_TIM_Base_Init
                0x0000000008000758      0x10c 00_code/01_bsp/hal/stm32f4xx-hal-driver/CMakeFiles/stm32f4xx_hal_driver_component.dir/Src/stm32f4xx_hal_tim.c.obj
                0x0000000008000758                HAL_TIM_Base_Init
 .text.HAL_TIM_Base_Start_IT
                0x0000000008000864       0x68 00_code/01_bsp/hal/stm32f4xx-hal-driver/CMakeFiles/stm32f4xx_hal_driver_component.dir/Src/stm32f4xx_hal_tim.c.obj
                0x0000000008000864                HAL_TIM_Base_Start_IT
 .text.HAL_TIM_OC_DelayElapsedCallback
                0x00000000080008cc        0x4 00_code/01_bsp/hal/stm32f4xx-hal-driver/CMakeFiles/stm32f4xx_hal_driver_component.dir/Src/stm32f4xx_hal_tim.c.obj
                0x00000000080008cc                HAL_TIM_OC_DelayElapsedCallback
 .text.HAL_TIM_IC_CaptureCallback
                0x00000000080008d0        0x4 00_code/01_bsp/hal/stm32f4xx-hal-driver/CMakeFiles/stm32f4xx_hal_driver_component.dir/Src/stm32f4xx_hal_tim.c.obj
                0x00000000080008d0                HAL_TIM_IC_CaptureCallback
 .text.HAL_TIM_PWM_PulseFinishedCallback
                0x00000000080008d4        0x4 00_code/01_bsp/hal/stm32f4xx-hal-driver/CMakeFiles/stm32f4xx_hal_driver_component.dir/Src/stm32f4xx_hal_tim.c.obj
                0x00000000080008d4                HAL_TIM_PWM_PulseFinishedCallback
 .text.HAL_TIM_TriggerCallback
                0x00000000080008d8        0x4 00_code/01_bsp/hal/stm32f4xx-hal-driver/CMakeFiles/stm32f4xx_hal_driver_component.dir/Src/stm32f4xx_hal_tim.c.obj
                0x00000000080008d8                HAL_TIM_TriggerCallback
 .text.HAL_TIM_IRQHandler
                0x00000000080008dc      0x138 00_code/01_bsp/hal/stm32f4xx-hal-driver/CMakeFiles/stm32f4xx_hal_driver_component.dir/Src/stm32f4xx_hal_tim.c.obj
                0x00000000080008dc                HAL_TIM_IRQHandler
 .text.HAL_ADC_Init
                0x0000000008000a14      0x15c 00_code/01_bsp/hal/stm32f4xx-hal-driver/CMakeFiles/stm32f4xx_hal_driver_component.dir/Src/stm32f4xx_hal_adc.c.obj
                0x0000000008000a14                HAL_ADC_Init
 .text.HAL_ADC_ConfigChannel
                0x0000000008000b70      0x17c 00_code/01_bsp/hal/stm32f4xx-hal-driver/CMakeFiles/stm32f4xx_hal_driver_component.dir/Src/stm32f4xx_hal_adc.c.obj
                0x0000000008000b70                HAL_ADC_ConfigChannel
 .text.HAL_TIMEx_CommutCallback
                0x0000000008000cec        0x4 00_code/01_bsp/hal/stm32f4xx-hal-driver/CMakeFiles/stm32f4xx_hal_driver_component.dir/Src/stm32f4xx_hal_tim_ex.c.obj
                0x0000000008000cec                HAL_TIMEx_CommutCallback
 .text.HAL_TIMEx_BreakCallback
                0x0000000008000cf0        0x4 00_code/01_bsp/hal/stm32f4xx-hal-driver/CMakeFiles/stm32f4xx_hal_driver_component.dir/Src/stm32f4xx_hal_tim_ex.c.obj
                0x0000000008000cf0                HAL_TIMEx_BreakCallback
 .text.HAL_NVIC_SetPriorityGrouping
                0x0000000008000cf4       0x24 00_code/01_bsp/hal/stm32f4xx-hal-driver/CMakeFiles/stm32f4xx_hal_driver_component.dir/Src/stm32f4xx_hal_cortex.c.obj
                0x0000000008000cf4                HAL_NVIC_SetPriorityGrouping
 .text.HAL_NVIC_SetPriority
                0x0000000008000d18       0x7c 00_code/01_bsp/hal/stm32f4xx-hal-driver/CMakeFiles/stm32f4xx_hal_driver_component.dir/Src/stm32f4xx_hal_cortex.c.obj
                0x0000000008000d18                HAL_NVIC_SetPriority
 .text.HAL_NVIC_EnableIRQ
                0x0000000008000d94       0x1c 00_code/01_bsp/hal/stm32f4xx-hal-driver/CMakeFiles/stm32f4xx_hal_driver_component.dir/Src/stm32f4xx_hal_cortex.c.obj
                0x0000000008000d94                HAL_NVIC_EnableIRQ
 .text.HAL_RCC_OscConfig
                0x0000000008000db0      0x3c8 00_code/01_bsp/hal/stm32f4xx-hal-driver/CMakeFiles/stm32f4xx_hal_driver_component.dir/Src/stm32f4xx_hal_rcc.c.obj
                0x0000000008000db0                HAL_RCC_OscConfig
 .text.HAL_RCC_GetSysClockFreq
                0x0000000008001178       0x68 00_code/01_bsp/hal/stm32f4xx-hal-driver/CMakeFiles/stm32f4xx_hal_driver_component.dir/Src/stm32f4xx_hal_rcc.c.obj
                0x0000000008001178                HAL_RCC_GetSysClockFreq
 .text.HAL_RCC_ClockConfig
                0x00000000080011e0      0x13c 00_code/01_bsp/hal/stm32f4xx-hal-driver/CMakeFiles/stm32f4xx_hal_driver_component.dir/Src/stm32f4xx_hal_rcc.c.obj
                0x00000000080011e0                HAL_RCC_ClockConfig
 .text.HAL_RCC_GetPCLK2Freq
                0x000000000800131c       0x20 00_code/01_bsp/hal/stm32f4xx-hal-driver/CMakeFiles/stm32f4xx_hal_driver_component.dir/Src/stm32f4xx_hal_rcc.c.obj
                0x000000000800131c                HAL_RCC_GetPCLK2Freq
 .text.HAL_RCC_GetClockConfig
                0x000000000800133c       0x44 00_code/01_bsp/hal/stm32f4xx-hal-driver/CMakeFiles/stm32f4xx_hal_driver_component.dir/Src/stm32f4xx_hal_rcc.c.obj
                0x000000000800133c                HAL_RCC_GetClockConfig
 .text.HAL_GPIO_Init
                0x0000000008001380      0x1e4 00_code/01_bsp/hal/stm32f4xx-hal-driver/CMakeFiles/stm32f4xx_hal_driver_component.dir/Src/stm32f4xx_hal_gpio.c.obj
                0x0000000008001380                HAL_GPIO_Init
 .text.HAL_GPIO_WritePin
                0x0000000008001564        0x8 00_code/01_bsp/hal/stm32f4xx-hal-driver/CMakeFiles/stm32f4xx_hal_driver_component.dir/Src/stm32f4xx_hal_gpio.c.obj
                0x0000000008001564                HAL_GPIO_WritePin
 .text.SystemClock_Config
                0x000000000800156c       0x8c 00_code/30_main/CMakeFiles/main_component.dir/Src/main.c.obj
                0x000000000800156c                SystemClock_Config
 .text.startup.main
                0x00000000080015f8       0x14 00_code/30_main/CMakeFiles/main_component.dir/Src/main.c.obj
                0x00000000080015f8                main
 .text.HAL_TIM_PeriodElapsedCallback
                0x000000000800160c       0x14 00_code/30_main/CMakeFiles/main_component.dir/Src/main.c.obj
                0x000000000800160c                HAL_TIM_PeriodElapsedCallback
 .text.Error_Handler
                0x0000000008001620        0x4 00_code/30_main/CMakeFiles/main_component.dir/Src/main.c.obj
                0x0000000008001620                Error_Handler
 *fill*         0x0000000008001624        0x4 
 .text.MX_ADC1_Init
                0x0000000008001628       0x80 00_code/30_main/CMakeFiles/main_component.dir/Src/adc.c.obj
                0x0000000008001628                MX_ADC1_Init
 .text.HAL_ADC_MspInit
                0x00000000080016a8       0x70 00_code/30_main/CMakeFiles/main_component.dir/Src/adc.c.obj
                0x00000000080016a8                HAL_ADC_MspInit
 .text.MX_GPIO_Init
                0x0000000008001718       0xb8 00_code/30_main/CMakeFiles/main_component.dir/Src/gpio.c.obj
                0x0000000008001718                MX_GPIO_Init
 .text.HAL_MspInit
                0x00000000080017d0       0x40 00_code/30_main/CMakeFiles/main_component.dir/Src/stm32f4xx_hal_msp.c.obj
                0x00000000080017d0                HAL_MspInit
 .text.NMI_Handler
                0x0000000008001810        0x4 00_code/30_main/CMakeFiles/main_component.dir/Src/stm32f4xx_it.c.obj
                0x0000000008001810                NMI_Handler
 .text.HardFault_Handler
                0x0000000008001814        0x4 00_code/30_main/CMakeFiles/main_component.dir/Src/stm32f4xx_it.c.obj
                0x0000000008001814                HardFault_Handler
 .text.MemManage_Handler
                0x0000000008001818        0x4 00_code/30_main/CMakeFiles/main_component.dir/Src/stm32f4xx_it.c.obj
                0x0000000008001818                MemManage_Handler
 .text.BusFault_Handler
                0x000000000800181c        0x4 00_code/30_main/CMakeFiles/main_component.dir/Src/stm32f4xx_it.c.obj
                0x000000000800181c                BusFault_Handler
 .text.UsageFault_Handler
                0x0000000008001820        0x4 00_code/30_main/CMakeFiles/main_component.dir/Src/stm32f4xx_it.c.obj
                0x0000000008001820                UsageFault_Handler
 .text.DebugMon_Handler
                0x0000000008001824        0x4 00_code/30_main/CMakeFiles/main_component.dir/Src/stm32f4xx_it.c.obj
                0x0000000008001824                DebugMon_Handler
 .text.TIM1_BRK_TIM9_IRQHandler
                0x0000000008001828        0xc 00_code/30_main/CMakeFiles/main_component.dir/Src/stm32f4xx_it.c.obj
                0x0000000008001828                TIM1_BRK_TIM9_IRQHandler
 .text.HAL_InitTick
                0x0000000008001834       0x98 00_code/30_main/CMakeFiles/main_component.dir/Src/stm32f4xx_hal_timebase_tim.c.obj
                0x0000000008001834                HAL_InitTick
 .text.SystemInit
                0x00000000080018cc       0x14 00_code/30_main/CMakeFiles/main_component.dir/Src/system_stm32f4xx.c.obj
                0x00000000080018cc                SystemInit
 *(.glue_7)
 .glue_7        0x00000000080018e0        0x0 linker stubs
 *(.glue_7t)
 .glue_7t       0x00000000080018e0        0x0 linker stubs
 *(.eh_frame)
 .eh_frame      0x00000000080018e0        0x0 /opt/homebrew/Cellar/arm-none-eabi-gcc/10.3-2021.10/gcc/bin/../lib/gcc/arm-none-eabi/10.3.1/thumb/v7e-m+fp/hard/crtbegin.o
 *(.init)
 .init          0x00000000080018e0        0x4 /opt/homebrew/Cellar/arm-none-eabi-gcc/10.3-2021.10/gcc/bin/../lib/gcc/arm-none-eabi/10.3.1/thumb/v7e-m+fp/hard/crti.o
                0x00000000080018e0                _init
 .init          0x00000000080018e4        0x8 /opt/homebrew/Cellar/arm-none-eabi-gcc/10.3-2021.10/gcc/bin/../lib/gcc/arm-none-eabi/10.3.1/thumb/v7e-m+fp/hard/crtn.o
 *(.fini)
 .fini          0x00000000080018ec        0x4 /opt/homebrew/Cellar/arm-none-eabi-gcc/10.3-2021.10/gcc/bin/../lib/gcc/arm-none-eabi/10.3.1/thumb/v7e-m+fp/hard/crti.o
                0x00000000080018ec                _fini
 .fini          0x00000000080018f0        0x8 /opt/homebrew/Cellar/arm-none-eabi-gcc/10.3-2021.10/gcc/bin/../lib/gcc/arm-none-eabi/10.3.1/thumb/v7e-m+fp/hard/crtn.o
                0x00000000080018f8                . = ALIGN (0x4)
                0x00000000080018f8                _etext = .

.vfp11_veneer   0x00000000080018f8        0x0
 .vfp11_veneer  0x00000000080018f8        0x0 linker stubs

.v4_bx          0x00000000080018f8        0x0
 .v4_bx         0x00000000080018f8        0x0 linker stubs

.iplt           0x00000000080018f8        0x0
 .iplt          0x00000000080018f8        0x0 /opt/homebrew/Cellar/arm-none-eabi-gcc/10.3-2021.10/gcc/bin/../lib/gcc/arm-none-eabi/10.3.1/thumb/v7e-m+fp/hard/crtbegin.o

.rodata         0x00000000080018f8       0x1c
                0x00000000080018f8                . = ALIGN (0x4)
 *(.rodata)
 *(.rodata*)
 .rodata._global_impure_ptr
                0x00000000080018f8        0x4 /opt/homebrew/Cellar/arm-none-eabi-gcc/10.3-2021.10/gcc/bin/../lib/gcc/arm-none-eabi/10.3.1/../../../../arm-none-eabi/lib/thumb/v7e-m+fp/hard/libc.a(lib_a-impure.o)
                0x00000000080018f8                _global_impure_ptr
 .rodata.AHBPrescTable
                0x00000000080018fc       0x10 00_code/30_main/CMakeFiles/main_component.dir/Src/system_stm32f4xx.c.obj
                0x00000000080018fc                AHBPrescTable
 .rodata.APBPrescTable
                0x000000000800190c        0x8 00_code/30_main/CMakeFiles/main_component.dir/Src/system_stm32f4xx.c.obj
                0x000000000800190c                APBPrescTable
                0x0000000008001914                . = ALIGN (0x4)

.ARM.extab
 *(.ARM.extab* .gnu.linkonce.armextab.*)

.ARM            0x0000000008001914        0x8
                0x0000000008001914                __exidx_start = .
 *(.ARM.exidx*)
 .ARM.exidx     0x0000000008001914        0x8 /opt/homebrew/Cellar/arm-none-eabi-gcc/10.3-2021.10/gcc/bin/../lib/gcc/arm-none-eabi/10.3.1/thumb/v7e-m+fp/hard/libgcc.a(_udivmoddi4.o)
                0x000000000800191c                __exidx_end = .

.rel.dyn        0x000000000800191c        0x0
 .rel.iplt      0x000000000800191c        0x0 /opt/homebrew/Cellar/arm-none-eabi-gcc/10.3-2021.10/gcc/bin/../lib/gcc/arm-none-eabi/10.3.1/thumb/v7e-m+fp/hard/crtbegin.o

.preinit_array  0x000000000800191c        0x0
                0x000000000800191c                PROVIDE (__preinit_array_start = .)
 *(.preinit_array*)
                0x000000000800191c                PROVIDE (__preinit_array_end = .)

.init_array     0x000000000800191c        0x8
                0x000000000800191c                PROVIDE (__init_array_start = .)
 *(SORT_BY_NAME(.init_array.*))
 .init_array.00000
                0x000000000800191c        0x4 /opt/homebrew/Cellar/arm-none-eabi-gcc/10.3-2021.10/gcc/bin/../lib/gcc/arm-none-eabi/10.3.1/../../../../arm-none-eabi/lib/thumb/v7e-m+fp/hard/libc.a(lib_a-__call_atexit.o)
 *(.init_array*)
 .init_array    0x0000000008001920        0x4 /opt/homebrew/Cellar/arm-none-eabi-gcc/10.3-2021.10/gcc/bin/../lib/gcc/arm-none-eabi/10.3.1/thumb/v7e-m+fp/hard/crtbegin.o
                0x0000000008001924                PROVIDE (__init_array_end = .)

.fini_array     0x0000000008001924        0x4
                0x0000000008001924                PROVIDE (__fini_array_start = .)
 *(SORT_BY_NAME(.fini_array.*))
 *(.fini_array*)
 .fini_array    0x0000000008001924        0x4 /opt/homebrew/Cellar/arm-none-eabi-gcc/10.3-2021.10/gcc/bin/../lib/gcc/arm-none-eabi/10.3.1/thumb/v7e-m+fp/hard/crtbegin.o
                0x0000000008001928                PROVIDE (__fini_array_end = .)
                0x0000000008001928                _sidata = LOADADDR (.data)

.data           0x0000000020000000      0x438 load address 0x0000000008001928
                0x0000000020000000                . = ALIGN (0x4)
                0x0000000020000000                _sdata = .
 *(.data)
 *(.data*)
 .data.impure_data
                0x0000000020000000      0x428 /opt/homebrew/Cellar/arm-none-eabi-gcc/10.3-2021.10/gcc/bin/../lib/gcc/arm-none-eabi/10.3.1/../../../../arm-none-eabi/lib/thumb/v7e-m+fp/hard/libc.a(lib_a-impure.o)
 .data.__atexit_recursive_mutex
                0x0000000020000428        0x4 /opt/homebrew/Cellar/arm-none-eabi-gcc/10.3-2021.10/gcc/bin/../lib/gcc/arm-none-eabi/10.3.1/../../../../arm-none-eabi/lib/thumb/v7e-m+fp/hard/libc.a(lib_a-__call_atexit.o)
                0x0000000020000428                __atexit_recursive_mutex
 .data.uwTickFreq
                0x000000002000042c        0x1 00_code/01_bsp/hal/stm32f4xx-hal-driver/CMakeFiles/stm32f4xx_hal_driver_component.dir/Src/stm32f4xx_hal.c.obj
                0x000000002000042c                uwTickFreq
 *fill*         0x000000002000042d        0x3 
 .data.uwTickPrio
                0x0000000020000430        0x4 00_code/01_bsp/hal/stm32f4xx-hal-driver/CMakeFiles/stm32f4xx_hal_driver_component.dir/Src/stm32f4xx_hal.c.obj
                0x0000000020000430                uwTickPrio
 .data.SystemCoreClock
                0x0000000020000434        0x4 00_code/30_main/CMakeFiles/main_component.dir/Src/system_stm32f4xx.c.obj
                0x0000000020000434                SystemCoreClock
                0x0000000020000438                . = ALIGN (0x4)
                0x0000000020000438                _edata = .

.igot.plt       0x0000000020000438        0x0 load address 0x0000000008001d60
 .igot.plt      0x0000000020000438        0x0 /opt/homebrew/Cellar/arm-none-eabi-gcc/10.3-2021.10/gcc/bin/../lib/gcc/arm-none-eabi/10.3.1/thumb/v7e-m+fp/hard/crtbegin.o
                0x0000000020000438                . = ALIGN (0x4)

.bss            0x0000000020000438       0xb8 load address 0x0000000008001d60
                0x0000000020000438                _sbss = .
                0x0000000020000438                __bss_start__ = _sbss
 *(.bss)
 .bss           0x0000000020000438       0x1c /opt/homebrew/Cellar/arm-none-eabi-gcc/10.3-2021.10/gcc/bin/../lib/gcc/arm-none-eabi/10.3.1/thumb/v7e-m+fp/hard/crtbegin.o
 *(.bss*)
 .bss.__lock___atexit_recursive_mutex
                0x0000000020000454        0x1 /opt/homebrew/Cellar/arm-none-eabi-gcc/10.3-2021.10/gcc/bin/../lib/gcc/arm-none-eabi/10.3.1/../../../../arm-none-eabi/lib/thumb/v7e-m+fp/hard/libc.a(lib_a-lock.o)
                0x0000000020000454                __lock___atexit_recursive_mutex
 *fill*         0x0000000020000455        0x3 
 .bss.uwTick    0x0000000020000458        0x4 00_code/01_bsp/hal/stm32f4xx-hal-driver/CMakeFiles/stm32f4xx_hal_driver_component.dir/Src/stm32f4xx_hal.c.obj
                0x0000000020000458                uwTick
 *fill*         0x000000002000045c        0x4 
 .bss.hadc1     0x0000000020000460       0x48 00_code/30_main/CMakeFiles/main_component.dir/Src/adc.c.obj
                0x0000000020000460                hadc1
 .bss.htim9     0x00000000200004a8       0x48 00_code/30_main/CMakeFiles/main_component.dir/Src/stm32f4xx_hal_timebase_tim.c.obj
                0x00000000200004a8                htim9
 *(COMMON)
                0x00000000200004f0                . = ALIGN (0x4)
                0x00000000200004f0                _ebss = .
                0x00000000200004f0                __bss_end__ = _ebss

._user_heap_stack
                0x00000000200004f0      0x600 load address 0x0000000008001d60
                0x00000000200004f0                . = ALIGN (0x8)
                0x00000000200004f0                PROVIDE (end = .)
                0x00000000200004f0                PROVIDE (_end = .)
                0x00000000200006f0                . = (. + _Min_Heap_Size)
 *fill*         0x00000000200004f0      0x200 
                0x0000000020000af0                . = (. + _Min_Stack_Size)
 *fill*         0x00000000200006f0      0x400 
                0x0000000020000af0                . = ALIGN (0x8)

/DISCARD/
 libc.a(*)
 libm.a(*)
 libgcc.a(*)

.ARM.attributes
                0x0000000000000000       0x30
 *(.ARM.attributes)
 .ARM.attributes
                0x0000000000000000       0x1e /opt/homebrew/Cellar/arm-none-eabi-gcc/10.3-2021.10/gcc/bin/../lib/gcc/arm-none-eabi/10.3.1/thumb/v7e-m+fp/hard/crti.o
 .ARM.attributes
                0x000000000000001e       0x34 /opt/homebrew/Cellar/arm-none-eabi-gcc/10.3-2021.10/gcc/bin/../lib/gcc/arm-none-eabi/10.3.1/thumb/v7e-m+fp/hard/crtbegin.o
 .ARM.attributes
                0x0000000000000052       0x34 /opt/homebrew/Cellar/arm-none-eabi-gcc/10.3-2021.10/gcc/bin/../lib/gcc/arm-none-eabi/10.3.1/../../../../arm-none-eabi/lib/thumb/v7e-m+fp/hard/libc.a(lib_a-impure.o)
 .ARM.attributes
                0x0000000000000086       0x34 /opt/homebrew/Cellar/arm-none-eabi-gcc/10.3-2021.10/gcc/bin/../lib/gcc/arm-none-eabi/10.3.1/../../../../arm-none-eabi/lib/thumb/v7e-m+fp/hard/libc.a(lib_a-init.o)
 .ARM.attributes
                0x00000000000000ba       0x34 /opt/homebrew/Cellar/arm-none-eabi-gcc/10.3-2021.10/gcc/bin/../lib/gcc/arm-none-eabi/10.3.1/../../../../arm-none-eabi/lib/thumb/v7e-m+fp/hard/libc.a(lib_a-memset.o)
 .ARM.attributes
                0x00000000000000ee       0x34 /opt/homebrew/Cellar/arm-none-eabi-gcc/10.3-2021.10/gcc/bin/../lib/gcc/arm-none-eabi/10.3.1/../../../../arm-none-eabi/lib/thumb/v7e-m+fp/hard/libc.a(lib_a-__call_atexit.o)
 .ARM.attributes
                0x0000000000000122       0x34 /opt/homebrew/Cellar/arm-none-eabi-gcc/10.3-2021.10/gcc/bin/../lib/gcc/arm-none-eabi/10.3.1/../../../../arm-none-eabi/lib/thumb/v7e-m+fp/hard/libc.a(lib_a-atexit.o)
 .ARM.attributes
                0x0000000000000156       0x34 /opt/homebrew/Cellar/arm-none-eabi-gcc/10.3-2021.10/gcc/bin/../lib/gcc/arm-none-eabi/10.3.1/../../../../arm-none-eabi/lib/thumb/v7e-m+fp/hard/libc.a(lib_a-fini.o)
 .ARM.attributes
                0x000000000000018a       0x34 /opt/homebrew/Cellar/arm-none-eabi-gcc/10.3-2021.10/gcc/bin/../lib/gcc/arm-none-eabi/10.3.1/../../../../arm-none-eabi/lib/thumb/v7e-m+fp/hard/libc.a(lib_a-lock.o)
 .ARM.attributes
                0x00000000000001be       0x34 /opt/homebrew/Cellar/arm-none-eabi-gcc/10.3-2021.10/gcc/bin/../lib/gcc/arm-none-eabi/10.3.1/../../../../arm-none-eabi/lib/thumb/v7e-m+fp/hard/libc.a(lib_a-__atexit.o)
 .ARM.attributes
                0x00000000000001f2       0x21 00_code/01_bsp/cmsis/cmsis-device-f4-master/CMakeFiles/cmsis_f4xx_component.dir/Source/Templates/gcc/startup_stm32f411xe.s.obj
 .ARM.attributes
                0x0000000000000213       0x30 00_code/01_bsp/hal/stm32f4xx-hal-driver/CMakeFiles/stm32f4xx_hal_driver_component.dir/Src/stm32f4xx_hal.c.obj
 .ARM.attributes
                0x0000000000000243       0x30 00_code/01_bsp/hal/stm32f4xx-hal-driver/CMakeFiles/stm32f4xx_hal_driver_component.dir/Src/stm32f4xx_hal_tim.c.obj
 .ARM.attributes
                0x0000000000000273       0x30 00_code/01_bsp/hal/stm32f4xx-hal-driver/CMakeFiles/stm32f4xx_hal_driver_component.dir/Src/stm32f4xx_hal_adc.c.obj
 .ARM.attributes
                0x00000000000002a3       0x30 00_code/01_bsp/hal/stm32f4xx-hal-driver/CMakeFiles/stm32f4xx_hal_driver_component.dir/Src/stm32f4xx_hal_tim_ex.c.obj
 .ARM.attributes
                0x00000000000002d3       0x30 00_code/01_bsp/hal/stm32f4xx-hal-driver/CMakeFiles/stm32f4xx_hal_driver_component.dir/Src/stm32f4xx_hal_cortex.c.obj
 .ARM.attributes
                0x0000000000000303       0x30 00_code/01_bsp/hal/stm32f4xx-hal-driver/CMakeFiles/stm32f4xx_hal_driver_component.dir/Src/stm32f4xx_hal_rcc.c.obj
 .ARM.attributes
                0x0000000000000333       0x30 00_code/01_bsp/hal/stm32f4xx-hal-driver/CMakeFiles/stm32f4xx_hal_driver_component.dir/Src/stm32f4xx_hal_gpio.c.obj
 .ARM.attributes
                0x0000000000000363       0x30 00_code/30_main/CMakeFiles/main_component.dir/Src/main.c.obj
 .ARM.attributes
                0x0000000000000393       0x30 00_code/30_main/CMakeFiles/main_component.dir/Src/adc.c.obj
 .ARM.attributes
                0x00000000000003c3       0x30 00_code/30_main/CMakeFiles/main_component.dir/Src/gpio.c.obj
 .ARM.attributes
                0x00000000000003f3       0x30 00_code/30_main/CMakeFiles/main_component.dir/Src/stm32f4xx_hal_msp.c.obj
 .ARM.attributes
                0x0000000000000423       0x30 00_code/30_main/CMakeFiles/main_component.dir/Src/stm32f4xx_it.c.obj
 .ARM.attributes
                0x0000000000000453       0x30 00_code/30_main/CMakeFiles/main_component.dir/Src/stm32f4xx_hal_timebase_tim.c.obj
 .ARM.attributes
                0x0000000000000483       0x30 00_code/30_main/CMakeFiles/main_component.dir/Src/system_stm32f4xx.c.obj
 .ARM.attributes
                0x00000000000004b3       0x1e /opt/homebrew/Cellar/arm-none-eabi-gcc/10.3-2021.10/gcc/bin/../lib/gcc/arm-none-eabi/10.3.1/thumb/v7e-m+fp/hard/libgcc.a(_aeabi_uldivmod.o)
 .ARM.attributes
                0x00000000000004d1       0x34 /opt/homebrew/Cellar/arm-none-eabi-gcc/10.3-2021.10/gcc/bin/../lib/gcc/arm-none-eabi/10.3.1/thumb/v7e-m+fp/hard/libgcc.a(_udivmoddi4.o)
 .ARM.attributes
                0x0000000000000505       0x1e /opt/homebrew/Cellar/arm-none-eabi-gcc/10.3-2021.10/gcc/bin/../lib/gcc/arm-none-eabi/10.3.1/thumb/v7e-m+fp/hard/libgcc.a(_dvmd_tls.o)
 .ARM.attributes
                0x0000000000000523       0x1e /opt/homebrew/Cellar/arm-none-eabi-gcc/10.3-2021.10/gcc/bin/../lib/gcc/arm-none-eabi/10.3.1/thumb/v7e-m+fp/hard/crtn.o
OUTPUT(00_code/DEMO_STM32.out elf32-littlearm)
LOAD linker stubs
LOAD /opt/homebrew/Cellar/arm-none-eabi-gcc/10.3-2021.10/gcc/bin/../lib/gcc/arm-none-eabi/10.3.1/../../../../arm-none-eabi/lib/thumb/v7e-m+fp/hard/libc.a
LOAD /opt/homebrew/Cellar/arm-none-eabi-gcc/10.3-2021.10/gcc/bin/../lib/gcc/arm-none-eabi/10.3.1/../../../../arm-none-eabi/lib/thumb/v7e-m+fp/hard/libm.a
LOAD /opt/homebrew/Cellar/arm-none-eabi-gcc/10.3-2021.10/gcc/bin/../lib/gcc/arm-none-eabi/10.3.1/thumb/v7e-m+fp/hard/libgcc.a

.debug_frame    0x0000000000000000      0x258
 .debug_frame   0x0000000000000000       0x2c /opt/homebrew/Cellar/arm-none-eabi-gcc/10.3-2021.10/gcc/bin/../lib/gcc/arm-none-eabi/10.3.1/../../../../arm-none-eabi/lib/thumb/v7e-m+fp/hard/libc.a(lib_a-init.o)
 .debug_frame   0x000000000000002c       0x2c /opt/homebrew/Cellar/arm-none-eabi-gcc/10.3-2021.10/gcc/bin/../lib/gcc/arm-none-eabi/10.3.1/../../../../arm-none-eabi/lib/thumb/v7e-m+fp/hard/libc.a(lib_a-memset.o)
 .debug_frame   0x0000000000000058       0x68 /opt/homebrew/Cellar/arm-none-eabi-gcc/10.3-2021.10/gcc/bin/../lib/gcc/arm-none-eabi/10.3.1/../../../../arm-none-eabi/lib/thumb/v7e-m+fp/hard/libc.a(lib_a-__call_atexit.o)
 .debug_frame   0x00000000000000c0       0x20 /opt/homebrew/Cellar/arm-none-eabi-gcc/10.3-2021.10/gcc/bin/../lib/gcc/arm-none-eabi/10.3.1/../../../../arm-none-eabi/lib/thumb/v7e-m+fp/hard/libc.a(lib_a-atexit.o)
 .debug_frame   0x00000000000000e0       0x34 /opt/homebrew/Cellar/arm-none-eabi-gcc/10.3-2021.10/gcc/bin/../lib/gcc/arm-none-eabi/10.3.1/../../../../arm-none-eabi/lib/thumb/v7e-m+fp/hard/libc.a(lib_a-fini.o)
 .debug_frame   0x0000000000000114       0xb0 /opt/homebrew/Cellar/arm-none-eabi-gcc/10.3-2021.10/gcc/bin/../lib/gcc/arm-none-eabi/10.3.1/../../../../arm-none-eabi/lib/thumb/v7e-m+fp/hard/libc.a(lib_a-lock.o)
 .debug_frame   0x00000000000001c4       0x34 /opt/homebrew/Cellar/arm-none-eabi-gcc/10.3-2021.10/gcc/bin/../lib/gcc/arm-none-eabi/10.3.1/../../../../arm-none-eabi/lib/thumb/v7e-m+fp/hard/libc.a(lib_a-__atexit.o)
 .debug_frame   0x00000000000001f8       0x2c /opt/homebrew/Cellar/arm-none-eabi-gcc/10.3-2021.10/gcc/bin/../lib/gcc/arm-none-eabi/10.3.1/thumb/v7e-m+fp/hard/libgcc.a(_aeabi_uldivmod.o)
 .debug_frame   0x0000000000000224       0x34 /opt/homebrew/Cellar/arm-none-eabi-gcc/10.3-2021.10/gcc/bin/../lib/gcc/arm-none-eabi/10.3.1/thumb/v7e-m+fp/hard/libgcc.a(_udivmoddi4.o)

.comment        0x0000000000000000       0x49
 .comment       0x0000000000000000       0x49 00_code/01_bsp/hal/stm32f4xx-hal-driver/CMakeFiles/stm32f4xx_hal_driver_component.dir/Src/stm32f4xx_hal.c.obj
                                         0x4a (size before relaxing)
 .comment       0x0000000000000049       0x4a 00_code/01_bsp/hal/stm32f4xx-hal-driver/CMakeFiles/stm32f4xx_hal_driver_component.dir/Src/stm32f4xx_hal_tim.c.obj
 .comment       0x0000000000000049       0x4a 00_code/01_bsp/hal/stm32f4xx-hal-driver/CMakeFiles/stm32f4xx_hal_driver_component.dir/Src/stm32f4xx_hal_adc.c.obj
 .comment       0x0000000000000049       0x4a 00_code/01_bsp/hal/stm32f4xx-hal-driver/CMakeFiles/stm32f4xx_hal_driver_component.dir/Src/stm32f4xx_hal_tim_ex.c.obj
 .comment       0x0000000000000049       0x4a 00_code/01_bsp/hal/stm32f4xx-hal-driver/CMakeFiles/stm32f4xx_hal_driver_component.dir/Src/stm32f4xx_hal_cortex.c.obj
 .comment       0x0000000000000049       0x4a 00_code/01_bsp/hal/stm32f4xx-hal-driver/CMakeFiles/stm32f4xx_hal_driver_component.dir/Src/stm32f4xx_hal_rcc.c.obj
 .comment       0x0000000000000049       0x4a 00_code/01_bsp/hal/stm32f4xx-hal-driver/CMakeFiles/stm32f4xx_hal_driver_component.dir/Src/stm32f4xx_hal_gpio.c.obj
 .comment       0x0000000000000049       0x4a 00_code/30_main/CMakeFiles/main_component.dir/Src/main.c.obj
 .comment       0x0000000000000049       0x4a 00_code/30_main/CMakeFiles/main_component.dir/Src/adc.c.obj
 .comment       0x0000000000000049       0x4a 00_code/30_main/CMakeFiles/main_component.dir/Src/gpio.c.obj
 .comment       0x0000000000000049       0x4a 00_code/30_main/CMakeFiles/main_component.dir/Src/stm32f4xx_hal_msp.c.obj
 .comment       0x0000000000000049       0x4a 00_code/30_main/CMakeFiles/main_component.dir/Src/stm32f4xx_it.c.obj
 .comment       0x0000000000000049       0x4a 00_code/30_main/CMakeFiles/main_component.dir/Src/stm32f4xx_hal_timebase_tim.c.obj
 .comment       0x0000000000000049       0x4a 00_code/30_main/CMakeFiles/main_component.dir/Src/system_stm32f4xx.c.obj

Cross Reference Table

Symbol                                            File
ADC_IRQHandler                                    00_code/01_bsp/cmsis/cmsis-device-f4-master/CMakeFiles/cmsis_f4xx_component.dir/Source/Templates/gcc/startup_stm32f411xe.s.obj
AHBPrescTable                                     00_code/30_main/CMakeFiles/main_component.dir/Src/system_stm32f4xx.c.obj
                                                  00_code/01_bsp/hal/stm32f4xx-hal-driver/CMakeFiles/stm32f4xx_hal_driver_component.dir/Src/stm32f4xx_ll_utils.c.obj
                                                  00_code/01_bsp/hal/stm32f4xx-hal-driver/CMakeFiles/stm32f4xx_hal_driver_component.dir/Src/stm32f4xx_hal_rcc.c.obj
APBPrescTable                                     00_code/30_main/CMakeFiles/main_component.dir/Src/system_stm32f4xx.c.obj
                                                  00_code/01_bsp/hal/stm32f4xx-hal-driver/CMakeFiles/stm32f4xx_hal_driver_component.dir/Src/stm32f4xx_hal_rcc.c.obj
BusFault_Handler                                  00_code/30_main/CMakeFiles/main_component.dir/Src/stm32f4xx_it.c.obj
                                                  00_code/01_bsp/cmsis/cmsis-device-f4-master/CMakeFiles/cmsis_f4xx_component.dir/Source/Templates/gcc/startup_stm32f411xe.s.obj
DMA1_Stream0_IRQHandler                           00_code/01_bsp/cmsis/cmsis-device-f4-master/CMakeFiles/cmsis_f4xx_component.dir/Source/Templates/gcc/startup_stm32f411xe.s.obj
DMA1_Stream1_IRQHandler                           00_code/01_bsp/cmsis/cmsis-device-f4-master/CMakeFiles/cmsis_f4xx_component.dir/Source/Templates/gcc/startup_stm32f411xe.s.obj
DMA1_Stream2_IRQHandler                           00_code/01_bsp/cmsis/cmsis-device-f4-master/CMakeFiles/cmsis_f4xx_component.dir/Source/Templates/gcc/startup_stm32f411xe.s.obj
DMA1_Stream3_IRQHandler                           00_code/01_bsp/cmsis/cmsis-device-f4-master/CMakeFiles/cmsis_f4xx_component.dir/Source/Templates/gcc/startup_stm32f411xe.s.obj
DMA1_Stream4_IRQHandler                           00_code/01_bsp/cmsis/cmsis-device-f4-master/CMakeFiles/cmsis_f4xx_component.dir/Source/Templates/gcc/startup_stm32f411xe.s.obj
DMA1_Stream5_IRQHandler                           00_code/01_bsp/cmsis/cmsis-device-f4-master/CMakeFiles/cmsis_f4xx_component.dir/Source/Templates/gcc/startup_stm32f411xe.s.obj
DMA1_Stream6_IRQHandler                           00_code/01_bsp/cmsis/cmsis-device-f4-master/CMakeFiles/cmsis_f4xx_component.dir/Source/Templates/gcc/startup_stm32f411xe.s.obj
DMA1_Stream7_IRQHandler                           00_code/01_bsp/cmsis/cmsis-device-f4-master/CMakeFiles/cmsis_f4xx_component.dir/Source/Templates/gcc/startup_stm32f411xe.s.obj
DMA2_Stream0_IRQHandler                           00_code/01_bsp/cmsis/cmsis-device-f4-master/CMakeFiles/cmsis_f4xx_component.dir/Source/Templates/gcc/startup_stm32f411xe.s.obj
DMA2_Stream1_IRQHandler                           00_code/01_bsp/cmsis/cmsis-device-f4-master/CMakeFiles/cmsis_f4xx_component.dir/Source/Templates/gcc/startup_stm32f411xe.s.obj
DMA2_Stream2_IRQHandler                           00_code/01_bsp/cmsis/cmsis-device-f4-master/CMakeFiles/cmsis_f4xx_component.dir/Source/Templates/gcc/startup_stm32f411xe.s.obj
DMA2_Stream3_IRQHandler                           00_code/01_bsp/cmsis/cmsis-device-f4-master/CMakeFiles/cmsis_f4xx_component.dir/Source/Templates/gcc/startup_stm32f411xe.s.obj
DMA2_Stream4_IRQHandler                           00_code/01_bsp/cmsis/cmsis-device-f4-master/CMakeFiles/cmsis_f4xx_component.dir/Source/Templates/gcc/startup_stm32f411xe.s.obj
DMA2_Stream5_IRQHandler                           00_code/01_bsp/cmsis/cmsis-device-f4-master/CMakeFiles/cmsis_f4xx_component.dir/Source/Templates/gcc/startup_stm32f411xe.s.obj
DMA2_Stream6_IRQHandler                           00_code/01_bsp/cmsis/cmsis-device-f4-master/CMakeFiles/cmsis_f4xx_component.dir/Source/Templates/gcc/startup_stm32f411xe.s.obj
DMA2_Stream7_IRQHandler                           00_code/01_bsp/cmsis/cmsis-device-f4-master/CMakeFiles/cmsis_f4xx_component.dir/Source/Templates/gcc/startup_stm32f411xe.s.obj
DebugMon_Handler                                  00_code/30_main/CMakeFiles/main_component.dir/Src/stm32f4xx_it.c.obj
                                                  00_code/01_bsp/cmsis/cmsis-device-f4-master/CMakeFiles/cmsis_f4xx_component.dir/Source/Templates/gcc/startup_stm32f411xe.s.obj
Default_Handler                                   00_code/01_bsp/cmsis/cmsis-device-f4-master/CMakeFiles/cmsis_f4xx_component.dir/Source/Templates/gcc/startup_stm32f411xe.s.obj
EXTI0_IRQHandler                                  00_code/01_bsp/cmsis/cmsis-device-f4-master/CMakeFiles/cmsis_f4xx_component.dir/Source/Templates/gcc/startup_stm32f411xe.s.obj
EXTI15_10_IRQHandler                              00_code/01_bsp/cmsis/cmsis-device-f4-master/CMakeFiles/cmsis_f4xx_component.dir/Source/Templates/gcc/startup_stm32f411xe.s.obj
EXTI1_IRQHandler                                  00_code/01_bsp/cmsis/cmsis-device-f4-master/CMakeFiles/cmsis_f4xx_component.dir/Source/Templates/gcc/startup_stm32f411xe.s.obj
EXTI2_IRQHandler                                  00_code/01_bsp/cmsis/cmsis-device-f4-master/CMakeFiles/cmsis_f4xx_component.dir/Source/Templates/gcc/startup_stm32f411xe.s.obj
EXTI3_IRQHandler                                  00_code/01_bsp/cmsis/cmsis-device-f4-master/CMakeFiles/cmsis_f4xx_component.dir/Source/Templates/gcc/startup_stm32f411xe.s.obj
EXTI4_IRQHandler                                  00_code/01_bsp/cmsis/cmsis-device-f4-master/CMakeFiles/cmsis_f4xx_component.dir/Source/Templates/gcc/startup_stm32f411xe.s.obj
EXTI9_5_IRQHandler                                00_code/01_bsp/cmsis/cmsis-device-f4-master/CMakeFiles/cmsis_f4xx_component.dir/Source/Templates/gcc/startup_stm32f411xe.s.obj
Error_Handler                                     00_code/30_main/CMakeFiles/main_component.dir/Src/main.c.obj
                                                  00_code/30_main/CMakeFiles/main_component.dir/Src/adc.c.obj
FLASH_Erase_Sector                                00_code/01_bsp/hal/stm32f4xx-hal-driver/CMakeFiles/stm32f4xx_hal_driver_component.dir/Src/stm32f4xx_hal_flash_ex.c.obj
                                                  00_code/01_bsp/hal/stm32f4xx-hal-driver/CMakeFiles/stm32f4xx_hal_driver_component.dir/Src/stm32f4xx_hal_flash.c.obj
FLASH_FlushCaches                                 00_code/01_bsp/hal/stm32f4xx-hal-driver/CMakeFiles/stm32f4xx_hal_driver_component.dir/Src/stm32f4xx_hal_flash_ex.c.obj
                                                  00_code/01_bsp/hal/stm32f4xx-hal-driver/CMakeFiles/stm32f4xx_hal_driver_component.dir/Src/stm32f4xx_hal_flash.c.obj
FLASH_IRQHandler                                  00_code/01_bsp/cmsis/cmsis-device-f4-master/CMakeFiles/cmsis_f4xx_component.dir/Source/Templates/gcc/startup_stm32f411xe.s.obj
FLASH_WaitForLastOperation                        00_code/01_bsp/hal/stm32f4xx-hal-driver/CMakeFiles/stm32f4xx_hal_driver_component.dir/Src/stm32f4xx_hal_flash.c.obj
                                                  00_code/01_bsp/hal/stm32f4xx-hal-driver/CMakeFiles/stm32f4xx_hal_driver_component.dir/Src/stm32f4xx_hal_flash_ex.c.obj
FPU_IRQHandler                                    00_code/01_bsp/cmsis/cmsis-device-f4-master/CMakeFiles/cmsis_f4xx_component.dir/Source/Templates/gcc/startup_stm32f411xe.s.obj
HAL_ADCEx_InjectedConfigChannel                   00_code/01_bsp/hal/stm32f4xx-hal-driver/CMakeFiles/stm32f4xx_hal_driver_component.dir/Src/stm32f4xx_hal_adc_ex.c.obj
HAL_ADCEx_InjectedConvCpltCallback                00_code/01_bsp/hal/stm32f4xx-hal-driver/CMakeFiles/stm32f4xx_hal_driver_component.dir/Src/stm32f4xx_hal_adc_ex.c.obj
                                                  00_code/01_bsp/hal/stm32f4xx-hal-driver/CMakeFiles/stm32f4xx_hal_driver_component.dir/Src/stm32f4xx_hal_adc.c.obj
HAL_ADCEx_InjectedGetValue                        00_code/01_bsp/hal/stm32f4xx-hal-driver/CMakeFiles/stm32f4xx_hal_driver_component.dir/Src/stm32f4xx_hal_adc_ex.c.obj
HAL_ADCEx_InjectedPollForConversion               00_code/01_bsp/hal/stm32f4xx-hal-driver/CMakeFiles/stm32f4xx_hal_driver_component.dir/Src/stm32f4xx_hal_adc_ex.c.obj
HAL_ADCEx_InjectedStart                           00_code/01_bsp/hal/stm32f4xx-hal-driver/CMakeFiles/stm32f4xx_hal_driver_component.dir/Src/stm32f4xx_hal_adc_ex.c.obj
HAL_ADCEx_InjectedStart_IT                        00_code/01_bsp/hal/stm32f4xx-hal-driver/CMakeFiles/stm32f4xx_hal_driver_component.dir/Src/stm32f4xx_hal_adc_ex.c.obj
HAL_ADCEx_InjectedStop                            00_code/01_bsp/hal/stm32f4xx-hal-driver/CMakeFiles/stm32f4xx_hal_driver_component.dir/Src/stm32f4xx_hal_adc_ex.c.obj
HAL_ADCEx_InjectedStop_IT                         00_code/01_bsp/hal/stm32f4xx-hal-driver/CMakeFiles/stm32f4xx_hal_driver_component.dir/Src/stm32f4xx_hal_adc_ex.c.obj
HAL_ADCEx_MultiModeConfigChannel                  00_code/01_bsp/hal/stm32f4xx-hal-driver/CMakeFiles/stm32f4xx_hal_driver_component.dir/Src/stm32f4xx_hal_adc_ex.c.obj
HAL_ADCEx_MultiModeGetValue                       00_code/01_bsp/hal/stm32f4xx-hal-driver/CMakeFiles/stm32f4xx_hal_driver_component.dir/Src/stm32f4xx_hal_adc_ex.c.obj
HAL_ADCEx_MultiModeStart_DMA                      00_code/01_bsp/hal/stm32f4xx-hal-driver/CMakeFiles/stm32f4xx_hal_driver_component.dir/Src/stm32f4xx_hal_adc_ex.c.obj
HAL_ADCEx_MultiModeStop_DMA                       00_code/01_bsp/hal/stm32f4xx-hal-driver/CMakeFiles/stm32f4xx_hal_driver_component.dir/Src/stm32f4xx_hal_adc_ex.c.obj
HAL_ADC_AnalogWDGConfig                           00_code/01_bsp/hal/stm32f4xx-hal-driver/CMakeFiles/stm32f4xx_hal_driver_component.dir/Src/stm32f4xx_hal_adc.c.obj
HAL_ADC_ConfigChannel                             00_code/01_bsp/hal/stm32f4xx-hal-driver/CMakeFiles/stm32f4xx_hal_driver_component.dir/Src/stm32f4xx_hal_adc.c.obj
                                                  00_code/30_main/CMakeFiles/main_component.dir/Src/adc.c.obj
HAL_ADC_ConvCpltCallback                          00_code/01_bsp/hal/stm32f4xx-hal-driver/CMakeFiles/stm32f4xx_hal_driver_component.dir/Src/stm32f4xx_hal_adc.c.obj
                                                  00_code/01_bsp/hal/stm32f4xx-hal-driver/CMakeFiles/stm32f4xx_hal_driver_component.dir/Src/stm32f4xx_hal_adc_ex.c.obj
HAL_ADC_ConvHalfCpltCallback                      00_code/01_bsp/hal/stm32f4xx-hal-driver/CMakeFiles/stm32f4xx_hal_driver_component.dir/Src/stm32f4xx_hal_adc.c.obj
                                                  00_code/01_bsp/hal/stm32f4xx-hal-driver/CMakeFiles/stm32f4xx_hal_driver_component.dir/Src/stm32f4xx_hal_adc_ex.c.obj
HAL_ADC_DeInit                                    00_code/01_bsp/hal/stm32f4xx-hal-driver/CMakeFiles/stm32f4xx_hal_driver_component.dir/Src/stm32f4xx_hal_adc.c.obj
HAL_ADC_ErrorCallback                             00_code/01_bsp/hal/stm32f4xx-hal-driver/CMakeFiles/stm32f4xx_hal_driver_component.dir/Src/stm32f4xx_hal_adc.c.obj
                                                  00_code/01_bsp/hal/stm32f4xx-hal-driver/CMakeFiles/stm32f4xx_hal_driver_component.dir/Src/stm32f4xx_hal_adc_ex.c.obj
HAL_ADC_GetError                                  00_code/01_bsp/hal/stm32f4xx-hal-driver/CMakeFiles/stm32f4xx_hal_driver_component.dir/Src/stm32f4xx_hal_adc.c.obj
HAL_ADC_GetState                                  00_code/01_bsp/hal/stm32f4xx-hal-driver/CMakeFiles/stm32f4xx_hal_driver_component.dir/Src/stm32f4xx_hal_adc.c.obj
HAL_ADC_GetValue                                  00_code/01_bsp/hal/stm32f4xx-hal-driver/CMakeFiles/stm32f4xx_hal_driver_component.dir/Src/stm32f4xx_hal_adc.c.obj
HAL_ADC_IRQHandler                                00_code/01_bsp/hal/stm32f4xx-hal-driver/CMakeFiles/stm32f4xx_hal_driver_component.dir/Src/stm32f4xx_hal_adc.c.obj
HAL_ADC_Init                                      00_code/01_bsp/hal/stm32f4xx-hal-driver/CMakeFiles/stm32f4xx_hal_driver_component.dir/Src/stm32f4xx_hal_adc.c.obj
                                                  00_code/30_main/CMakeFiles/main_component.dir/Src/adc.c.obj
HAL_ADC_LevelOutOfWindowCallback                  00_code/01_bsp/hal/stm32f4xx-hal-driver/CMakeFiles/stm32f4xx_hal_driver_component.dir/Src/stm32f4xx_hal_adc.c.obj
HAL_ADC_MspDeInit                                 00_code/30_main/CMakeFiles/main_component.dir/Src/adc.c.obj
                                                  00_code/01_bsp/hal/stm32f4xx-hal-driver/CMakeFiles/stm32f4xx_hal_driver_component.dir/Src/stm32f4xx_hal_adc.c.obj
HAL_ADC_MspInit                                   00_code/30_main/CMakeFiles/main_component.dir/Src/adc.c.obj
                                                  00_code/01_bsp/hal/stm32f4xx-hal-driver/CMakeFiles/stm32f4xx_hal_driver_component.dir/Src/stm32f4xx_hal_adc.c.obj
HAL_ADC_PollForConversion                         00_code/01_bsp/hal/stm32f4xx-hal-driver/CMakeFiles/stm32f4xx_hal_driver_component.dir/Src/stm32f4xx_hal_adc.c.obj
HAL_ADC_PollForEvent                              00_code/01_bsp/hal/stm32f4xx-hal-driver/CMakeFiles/stm32f4xx_hal_driver_component.dir/Src/stm32f4xx_hal_adc.c.obj
HAL_ADC_Start                                     00_code/01_bsp/hal/stm32f4xx-hal-driver/CMakeFiles/stm32f4xx_hal_driver_component.dir/Src/stm32f4xx_hal_adc.c.obj
HAL_ADC_Start_DMA                                 00_code/01_bsp/hal/stm32f4xx-hal-driver/CMakeFiles/stm32f4xx_hal_driver_component.dir/Src/stm32f4xx_hal_adc.c.obj
HAL_ADC_Start_IT                                  00_code/01_bsp/hal/stm32f4xx-hal-driver/CMakeFiles/stm32f4xx_hal_driver_component.dir/Src/stm32f4xx_hal_adc.c.obj
HAL_ADC_Stop                                      00_code/01_bsp/hal/stm32f4xx-hal-driver/CMakeFiles/stm32f4xx_hal_driver_component.dir/Src/stm32f4xx_hal_adc.c.obj
HAL_ADC_Stop_DMA                                  00_code/01_bsp/hal/stm32f4xx-hal-driver/CMakeFiles/stm32f4xx_hal_driver_component.dir/Src/stm32f4xx_hal_adc.c.obj
HAL_ADC_Stop_IT                                   00_code/01_bsp/hal/stm32f4xx-hal-driver/CMakeFiles/stm32f4xx_hal_driver_component.dir/Src/stm32f4xx_hal_adc.c.obj
HAL_CORTEX_ClearEvent                             00_code/01_bsp/hal/stm32f4xx-hal-driver/CMakeFiles/stm32f4xx_hal_driver_component.dir/Src/stm32f4xx_hal_cortex.c.obj
HAL_CRC_Accumulate                                00_code/01_bsp/hal/stm32f4xx-hal-driver/CMakeFiles/stm32f4xx_hal_driver_component.dir/Src/stm32f4xx_hal_crc.c.obj
HAL_CRC_Calculate                                 00_code/01_bsp/hal/stm32f4xx-hal-driver/CMakeFiles/stm32f4xx_hal_driver_component.dir/Src/stm32f4xx_hal_crc.c.obj
HAL_CRC_DeInit                                    00_code/01_bsp/hal/stm32f4xx-hal-driver/CMakeFiles/stm32f4xx_hal_driver_component.dir/Src/stm32f4xx_hal_crc.c.obj
HAL_CRC_GetState                                  00_code/01_bsp/hal/stm32f4xx-hal-driver/CMakeFiles/stm32f4xx_hal_driver_component.dir/Src/stm32f4xx_hal_crc.c.obj
HAL_CRC_Init                                      00_code/01_bsp/hal/stm32f4xx-hal-driver/CMakeFiles/stm32f4xx_hal_driver_component.dir/Src/stm32f4xx_hal_crc.c.obj
HAL_CRC_MspDeInit                                 00_code/01_bsp/hal/stm32f4xx-hal-driver/CMakeFiles/stm32f4xx_hal_driver_component.dir/Src/stm32f4xx_hal_crc.c.obj
HAL_CRC_MspInit                                   00_code/01_bsp/hal/stm32f4xx-hal-driver/CMakeFiles/stm32f4xx_hal_driver_component.dir/Src/stm32f4xx_hal_crc.c.obj
HAL_DBGMCU_DisableDBGSleepMode                    00_code/01_bsp/hal/stm32f4xx-hal-driver/CMakeFiles/stm32f4xx_hal_driver_component.dir/Src/stm32f4xx_hal.c.obj
HAL_DBGMCU_DisableDBGStandbyMode                  00_code/01_bsp/hal/stm32f4xx-hal-driver/CMakeFiles/stm32f4xx_hal_driver_component.dir/Src/stm32f4xx_hal.c.obj
HAL_DBGMCU_DisableDBGStopMode                     00_code/01_bsp/hal/stm32f4xx-hal-driver/CMakeFiles/stm32f4xx_hal_driver_component.dir/Src/stm32f4xx_hal.c.obj
HAL_DBGMCU_EnableDBGSleepMode                     00_code/01_bsp/hal/stm32f4xx-hal-driver/CMakeFiles/stm32f4xx_hal_driver_component.dir/Src/stm32f4xx_hal.c.obj
HAL_DBGMCU_EnableDBGStandbyMode                   00_code/01_bsp/hal/stm32f4xx-hal-driver/CMakeFiles/stm32f4xx_hal_driver_component.dir/Src/stm32f4xx_hal.c.obj
HAL_DBGMCU_EnableDBGStopMode                      00_code/01_bsp/hal/stm32f4xx-hal-driver/CMakeFiles/stm32f4xx_hal_driver_component.dir/Src/stm32f4xx_hal.c.obj
HAL_DMAEx_ChangeMemory                            00_code/01_bsp/hal/stm32f4xx-hal-driver/CMakeFiles/stm32f4xx_hal_driver_component.dir/Src/stm32f4xx_hal_dma_ex.c.obj
HAL_DMAEx_MultiBufferStart                        00_code/01_bsp/hal/stm32f4xx-hal-driver/CMakeFiles/stm32f4xx_hal_driver_component.dir/Src/stm32f4xx_hal_dma_ex.c.obj
HAL_DMAEx_MultiBufferStart_IT                     00_code/01_bsp/hal/stm32f4xx-hal-driver/CMakeFiles/stm32f4xx_hal_driver_component.dir/Src/stm32f4xx_hal_dma_ex.c.obj
HAL_DMA_Abort                                     00_code/01_bsp/hal/stm32f4xx-hal-driver/CMakeFiles/stm32f4xx_hal_driver_component.dir/Src/stm32f4xx_hal_dma.c.obj
                                                  00_code/01_bsp/hal/stm32f4xx-hal-driver/CMakeFiles/stm32f4xx_hal_driver_component.dir/Src/stm32f4xx_hal_spi.c.obj
                                                  00_code/01_bsp/hal/stm32f4xx-hal-driver/CMakeFiles/stm32f4xx_hal_driver_component.dir/Src/stm32f4xx_hal_smartcard.c.obj
                                                  00_code/01_bsp/hal/stm32f4xx-hal-driver/CMakeFiles/stm32f4xx_hal_driver_component.dir/Src/stm32f4xx_hal_sd.c.obj
                                                  00_code/01_bsp/hal/stm32f4xx-hal-driver/CMakeFiles/stm32f4xx_hal_driver_component.dir/Src/stm32f4xx_hal_mmc.c.obj
                                                  00_code/01_bsp/hal/stm32f4xx-hal-driver/CMakeFiles/stm32f4xx_hal_driver_component.dir/Src/stm32f4xx_hal_usart.c.obj
                                                  00_code/01_bsp/hal/stm32f4xx-hal-driver/CMakeFiles/stm32f4xx_hal_driver_component.dir/Src/stm32f4xx_hal_uart.c.obj
                                                  00_code/01_bsp/hal/stm32f4xx-hal-driver/CMakeFiles/stm32f4xx_hal_driver_component.dir/Src/stm32f4xx_hal_irda.c.obj
                                                  00_code/01_bsp/hal/stm32f4xx-hal-driver/CMakeFiles/stm32f4xx_hal_driver_component.dir/Src/stm32f4xx_hal_adc_ex.c.obj
                                                  00_code/01_bsp/hal/stm32f4xx-hal-driver/CMakeFiles/stm32f4xx_hal_driver_component.dir/Src/stm32f4xx_hal_i2s.c.obj
                                                  00_code/01_bsp/hal/stm32f4xx-hal-driver/CMakeFiles/stm32f4xx_hal_driver_component.dir/Src/stm32f4xx_hal_adc.c.obj
HAL_DMA_Abort_IT                                  00_code/01_bsp/hal/stm32f4xx-hal-driver/CMakeFiles/stm32f4xx_hal_driver_component.dir/Src/stm32f4xx_hal_dma.c.obj
                                                  00_code/01_bsp/hal/stm32f4xx-hal-driver/CMakeFiles/stm32f4xx_hal_driver_component.dir/Src/stm32f4xx_hal_spi.c.obj
                                                  00_code/01_bsp/hal/stm32f4xx-hal-driver/CMakeFiles/stm32f4xx_hal_driver_component.dir/Src/stm32f4xx_hal_smartcard.c.obj
                                                  00_code/01_bsp/hal/stm32f4xx-hal-driver/CMakeFiles/stm32f4xx_hal_driver_component.dir/Src/stm32f4xx_hal_sd.c.obj
                                                  00_code/01_bsp/hal/stm32f4xx-hal-driver/CMakeFiles/stm32f4xx_hal_driver_component.dir/Src/stm32f4xx_hal_mmc.c.obj
                                                  00_code/01_bsp/hal/stm32f4xx-hal-driver/CMakeFiles/stm32f4xx_hal_driver_component.dir/Src/stm32f4xx_hal_usart.c.obj
                                                  00_code/01_bsp/hal/stm32f4xx-hal-driver/CMakeFiles/stm32f4xx_hal_driver_component.dir/Src/stm32f4xx_hal_uart.c.obj
                                                  00_code/01_bsp/hal/stm32f4xx-hal-driver/CMakeFiles/stm32f4xx_hal_driver_component.dir/Src/stm32f4xx_hal_irda.c.obj
                                                  00_code/01_bsp/hal/stm32f4xx-hal-driver/CMakeFiles/stm32f4xx_hal_driver_component.dir/Src/stm32f4xx_hal_tim_ex.c.obj
                                                  00_code/01_bsp/hal/stm32f4xx-hal-driver/CMakeFiles/stm32f4xx_hal_driver_component.dir/Src/stm32f4xx_hal_tim.c.obj
                                                  00_code/01_bsp/hal/stm32f4xx-hal-driver/CMakeFiles/stm32f4xx_hal_driver_component.dir/Src/stm32f4xx_hal_i2c.c.obj
HAL_DMA_DeInit                                    00_code/01_bsp/hal/stm32f4xx-hal-driver/CMakeFiles/stm32f4xx_hal_driver_component.dir/Src/stm32f4xx_hal_dma.c.obj
HAL_DMA_GetError                                  00_code/01_bsp/hal/stm32f4xx-hal-driver/CMakeFiles/stm32f4xx_hal_driver_component.dir/Src/stm32f4xx_hal_dma.c.obj
                                                  00_code/01_bsp/hal/stm32f4xx-hal-driver/CMakeFiles/stm32f4xx_hal_driver_component.dir/Src/stm32f4xx_hal_sd.c.obj
                                                  00_code/01_bsp/hal/stm32f4xx-hal-driver/CMakeFiles/stm32f4xx_hal_driver_component.dir/Src/stm32f4xx_hal_mmc.c.obj
                                                  00_code/01_bsp/hal/stm32f4xx-hal-driver/CMakeFiles/stm32f4xx_hal_driver_component.dir/Src/stm32f4xx_hal_uart.c.obj
                                                  00_code/01_bsp/hal/stm32f4xx-hal-driver/CMakeFiles/stm32f4xx_hal_driver_component.dir/Src/stm32f4xx_hal_i2c.c.obj
HAL_DMA_GetState                                  00_code/01_bsp/hal/stm32f4xx-hal-driver/CMakeFiles/stm32f4xx_hal_driver_component.dir/Src/stm32f4xx_hal_dma.c.obj
                                                  00_code/01_bsp/hal/stm32f4xx-hal-driver/CMakeFiles/stm32f4xx_hal_driver_component.dir/Src/stm32f4xx_hal_i2c.c.obj
HAL_DMA_IRQHandler                                00_code/01_bsp/hal/stm32f4xx-hal-driver/CMakeFiles/stm32f4xx_hal_driver_component.dir/Src/stm32f4xx_hal_dma.c.obj
HAL_DMA_Init                                      00_code/01_bsp/hal/stm32f4xx-hal-driver/CMakeFiles/stm32f4xx_hal_driver_component.dir/Src/stm32f4xx_hal_dma.c.obj
HAL_DMA_PollForTransfer                           00_code/01_bsp/hal/stm32f4xx-hal-driver/CMakeFiles/stm32f4xx_hal_driver_component.dir/Src/stm32f4xx_hal_dma.c.obj
HAL_DMA_RegisterCallback                          00_code/01_bsp/hal/stm32f4xx-hal-driver/CMakeFiles/stm32f4xx_hal_driver_component.dir/Src/stm32f4xx_hal_dma.c.obj
HAL_DMA_Start                                     00_code/01_bsp/hal/stm32f4xx-hal-driver/CMakeFiles/stm32f4xx_hal_driver_component.dir/Src/stm32f4xx_hal_dma.c.obj
HAL_DMA_Start_IT                                  00_code/01_bsp/hal/stm32f4xx-hal-driver/CMakeFiles/stm32f4xx_hal_driver_component.dir/Src/stm32f4xx_hal_dma.c.obj
                                                  00_code/01_bsp/hal/stm32f4xx-hal-driver/CMakeFiles/stm32f4xx_hal_driver_component.dir/Src/stm32f4xx_hal_spi.c.obj
                                                  00_code/01_bsp/hal/stm32f4xx-hal-driver/CMakeFiles/stm32f4xx_hal_driver_component.dir/Src/stm32f4xx_hal_smartcard.c.obj
                                                  00_code/01_bsp/hal/stm32f4xx-hal-driver/CMakeFiles/stm32f4xx_hal_driver_component.dir/Src/stm32f4xx_hal_sd.c.obj
                                                  00_code/01_bsp/hal/stm32f4xx-hal-driver/CMakeFiles/stm32f4xx_hal_driver_component.dir/Src/stm32f4xx_hal_mmc.c.obj
                                                  00_code/01_bsp/hal/stm32f4xx-hal-driver/CMakeFiles/stm32f4xx_hal_driver_component.dir/Src/stm32f4xx_hal_usart.c.obj
                                                  00_code/01_bsp/hal/stm32f4xx-hal-driver/CMakeFiles/stm32f4xx_hal_driver_component.dir/Src/stm32f4xx_hal_uart.c.obj
                                                  00_code/01_bsp/hal/stm32f4xx-hal-driver/CMakeFiles/stm32f4xx_hal_driver_component.dir/Src/stm32f4xx_hal_irda.c.obj
                                                  00_code/01_bsp/hal/stm32f4xx-hal-driver/CMakeFiles/stm32f4xx_hal_driver_component.dir/Src/stm32f4xx_hal_i2s_ex.c.obj
                                                  00_code/01_bsp/hal/stm32f4xx-hal-driver/CMakeFiles/stm32f4xx_hal_driver_component.dir/Src/stm32f4xx_hal_adc_ex.c.obj
                                                  00_code/01_bsp/hal/stm32f4xx-hal-driver/CMakeFiles/stm32f4xx_hal_driver_component.dir/Src/stm32f4xx_hal_tim_ex.c.obj
                                                  00_code/01_bsp/hal/stm32f4xx-hal-driver/CMakeFiles/stm32f4xx_hal_driver_component.dir/Src/stm32f4xx_hal_i2s.c.obj
                                                  00_code/01_bsp/hal/stm32f4xx-hal-driver/CMakeFiles/stm32f4xx_hal_driver_component.dir/Src/stm32f4xx_hal_adc.c.obj
                                                  00_code/01_bsp/hal/stm32f4xx-hal-driver/CMakeFiles/stm32f4xx_hal_driver_component.dir/Src/stm32f4xx_hal_tim.c.obj
                                                  00_code/01_bsp/hal/stm32f4xx-hal-driver/CMakeFiles/stm32f4xx_hal_driver_component.dir/Src/stm32f4xx_hal_i2c.c.obj
HAL_DMA_UnRegisterCallback                        00_code/01_bsp/hal/stm32f4xx-hal-driver/CMakeFiles/stm32f4xx_hal_driver_component.dir/Src/stm32f4xx_hal_dma.c.obj
HAL_DeInit                                        00_code/01_bsp/hal/stm32f4xx-hal-driver/CMakeFiles/stm32f4xx_hal_driver_component.dir/Src/stm32f4xx_hal.c.obj
HAL_Delay                                         00_code/01_bsp/hal/stm32f4xx-hal-driver/CMakeFiles/stm32f4xx_hal_driver_component.dir/Src/stm32f4xx_hal.c.obj
                                                  00_code/01_bsp/hal/stm32f4xx-hal-driver/CMakeFiles/stm32f4xx_hal_driver_component.dir/Src/stm32f4xx_ll_usb.c.obj
                                                  00_code/01_bsp/hal/stm32f4xx-hal-driver/CMakeFiles/stm32f4xx_hal_driver_component.dir/Src/stm32f4xx_hal_sd.c.obj
                                                  00_code/01_bsp/hal/stm32f4xx-hal-driver/CMakeFiles/stm32f4xx_hal_driver_component.dir/Src/stm32f4xx_hal_mmc.c.obj
HAL_DisableCompensationCell                       00_code/01_bsp/hal/stm32f4xx-hal-driver/CMakeFiles/stm32f4xx_hal_driver_component.dir/Src/stm32f4xx_hal.c.obj
HAL_EXTI_ClearConfigLine                          00_code/01_bsp/hal/stm32f4xx-hal-driver/CMakeFiles/stm32f4xx_hal_driver_component.dir/Src/stm32f4xx_hal_exti.c.obj
HAL_EXTI_ClearPending                             00_code/01_bsp/hal/stm32f4xx-hal-driver/CMakeFiles/stm32f4xx_hal_driver_component.dir/Src/stm32f4xx_hal_exti.c.obj
HAL_EXTI_GenerateSWI                              00_code/01_bsp/hal/stm32f4xx-hal-driver/CMakeFiles/stm32f4xx_hal_driver_component.dir/Src/stm32f4xx_hal_exti.c.obj
HAL_EXTI_GetConfigLine                            00_code/01_bsp/hal/stm32f4xx-hal-driver/CMakeFiles/stm32f4xx_hal_driver_component.dir/Src/stm32f4xx_hal_exti.c.obj
HAL_EXTI_GetHandle                                00_code/01_bsp/hal/stm32f4xx-hal-driver/CMakeFiles/stm32f4xx_hal_driver_component.dir/Src/stm32f4xx_hal_exti.c.obj
HAL_EXTI_GetPending                               00_code/01_bsp/hal/stm32f4xx-hal-driver/CMakeFiles/stm32f4xx_hal_driver_component.dir/Src/stm32f4xx_hal_exti.c.obj
HAL_EXTI_IRQHandler                               00_code/01_bsp/hal/stm32f4xx-hal-driver/CMakeFiles/stm32f4xx_hal_driver_component.dir/Src/stm32f4xx_hal_exti.c.obj
HAL_EXTI_RegisterCallback                         00_code/01_bsp/hal/stm32f4xx-hal-driver/CMakeFiles/stm32f4xx_hal_driver_component.dir/Src/stm32f4xx_hal_exti.c.obj
HAL_EXTI_SetConfigLine                            00_code/01_bsp/hal/stm32f4xx-hal-driver/CMakeFiles/stm32f4xx_hal_driver_component.dir/Src/stm32f4xx_hal_exti.c.obj
HAL_EnableCompensationCell                        00_code/01_bsp/hal/stm32f4xx-hal-driver/CMakeFiles/stm32f4xx_hal_driver_component.dir/Src/stm32f4xx_hal.c.obj
HAL_FLASHEx_AdvOBGetConfig                        00_code/01_bsp/hal/stm32f4xx-hal-driver/CMakeFiles/stm32f4xx_hal_driver_component.dir/Src/stm32f4xx_hal_flash_ex.c.obj
HAL_FLASHEx_AdvOBProgram                          00_code/01_bsp/hal/stm32f4xx-hal-driver/CMakeFiles/stm32f4xx_hal_driver_component.dir/Src/stm32f4xx_hal_flash_ex.c.obj
HAL_FLASHEx_DisableFlashSleepMode                 00_code/01_bsp/hal/stm32f4xx-hal-driver/CMakeFiles/stm32f4xx_hal_driver_component.dir/Src/stm32f4xx_hal_flash_ramfunc.c.obj
HAL_FLASHEx_EnableFlashSleepMode                  00_code/01_bsp/hal/stm32f4xx-hal-driver/CMakeFiles/stm32f4xx_hal_driver_component.dir/Src/stm32f4xx_hal_flash_ramfunc.c.obj
HAL_FLASHEx_Erase                                 00_code/01_bsp/hal/stm32f4xx-hal-driver/CMakeFiles/stm32f4xx_hal_driver_component.dir/Src/stm32f4xx_hal_flash_ex.c.obj
HAL_FLASHEx_Erase_IT                              00_code/01_bsp/hal/stm32f4xx-hal-driver/CMakeFiles/stm32f4xx_hal_driver_component.dir/Src/stm32f4xx_hal_flash_ex.c.obj
HAL_FLASHEx_OBGetConfig                           00_code/01_bsp/hal/stm32f4xx-hal-driver/CMakeFiles/stm32f4xx_hal_driver_component.dir/Src/stm32f4xx_hal_flash_ex.c.obj
HAL_FLASHEx_OBProgram                             00_code/01_bsp/hal/stm32f4xx-hal-driver/CMakeFiles/stm32f4xx_hal_driver_component.dir/Src/stm32f4xx_hal_flash_ex.c.obj
HAL_FLASHEx_OB_DeSelectPCROP                      00_code/01_bsp/hal/stm32f4xx-hal-driver/CMakeFiles/stm32f4xx_hal_driver_component.dir/Src/stm32f4xx_hal_flash_ex.c.obj
HAL_FLASHEx_OB_SelectPCROP                        00_code/01_bsp/hal/stm32f4xx-hal-driver/CMakeFiles/stm32f4xx_hal_driver_component.dir/Src/stm32f4xx_hal_flash_ex.c.obj
HAL_FLASHEx_StartFlashInterfaceClk                00_code/01_bsp/hal/stm32f4xx-hal-driver/CMakeFiles/stm32f4xx_hal_driver_component.dir/Src/stm32f4xx_hal_flash_ramfunc.c.obj
HAL_FLASHEx_StopFlashInterfaceClk                 00_code/01_bsp/hal/stm32f4xx-hal-driver/CMakeFiles/stm32f4xx_hal_driver_component.dir/Src/stm32f4xx_hal_flash_ramfunc.c.obj
HAL_FLASH_EndOfOperationCallback                  00_code/01_bsp/hal/stm32f4xx-hal-driver/CMakeFiles/stm32f4xx_hal_driver_component.dir/Src/stm32f4xx_hal_flash.c.obj
HAL_FLASH_GetError                                00_code/01_bsp/hal/stm32f4xx-hal-driver/CMakeFiles/stm32f4xx_hal_driver_component.dir/Src/stm32f4xx_hal_flash.c.obj
HAL_FLASH_IRQHandler                              00_code/01_bsp/hal/stm32f4xx-hal-driver/CMakeFiles/stm32f4xx_hal_driver_component.dir/Src/stm32f4xx_hal_flash.c.obj
HAL_FLASH_Lock                                    00_code/01_bsp/hal/stm32f4xx-hal-driver/CMakeFiles/stm32f4xx_hal_driver_component.dir/Src/stm32f4xx_hal_flash.c.obj
HAL_FLASH_OB_Launch                               00_code/01_bsp/hal/stm32f4xx-hal-driver/CMakeFiles/stm32f4xx_hal_driver_component.dir/Src/stm32f4xx_hal_flash.c.obj
HAL_FLASH_OB_Lock                                 00_code/01_bsp/hal/stm32f4xx-hal-driver/CMakeFiles/stm32f4xx_hal_driver_component.dir/Src/stm32f4xx_hal_flash.c.obj
HAL_FLASH_OB_Unlock                               00_code/01_bsp/hal/stm32f4xx-hal-driver/CMakeFiles/stm32f4xx_hal_driver_component.dir/Src/stm32f4xx_hal_flash.c.obj
HAL_FLASH_OperationErrorCallback                  00_code/01_bsp/hal/stm32f4xx-hal-driver/CMakeFiles/stm32f4xx_hal_driver_component.dir/Src/stm32f4xx_hal_flash.c.obj
HAL_FLASH_Program                                 00_code/01_bsp/hal/stm32f4xx-hal-driver/CMakeFiles/stm32f4xx_hal_driver_component.dir/Src/stm32f4xx_hal_flash.c.obj
HAL_FLASH_Program_IT                              00_code/01_bsp/hal/stm32f4xx-hal-driver/CMakeFiles/stm32f4xx_hal_driver_component.dir/Src/stm32f4xx_hal_flash.c.obj
HAL_FLASH_Unlock                                  00_code/01_bsp/hal/stm32f4xx-hal-driver/CMakeFiles/stm32f4xx_hal_driver_component.dir/Src/stm32f4xx_hal_flash.c.obj
HAL_GPIO_DeInit                                   00_code/01_bsp/hal/stm32f4xx-hal-driver/CMakeFiles/stm32f4xx_hal_driver_component.dir/Src/stm32f4xx_hal_gpio.c.obj
                                                  00_code/30_main/CMakeFiles/main_component.dir/Src/adc.c.obj
HAL_GPIO_EXTI_Callback                            00_code/01_bsp/hal/stm32f4xx-hal-driver/CMakeFiles/stm32f4xx_hal_driver_component.dir/Src/stm32f4xx_hal_gpio.c.obj
HAL_GPIO_EXTI_IRQHandler                          00_code/01_bsp/hal/stm32f4xx-hal-driver/CMakeFiles/stm32f4xx_hal_driver_component.dir/Src/stm32f4xx_hal_gpio.c.obj
HAL_GPIO_Init                                     00_code/01_bsp/hal/stm32f4xx-hal-driver/CMakeFiles/stm32f4xx_hal_driver_component.dir/Src/stm32f4xx_hal_gpio.c.obj
                                                  00_code/30_main/CMakeFiles/main_component.dir/Src/gpio.c.obj
                                                  00_code/30_main/CMakeFiles/main_component.dir/Src/adc.c.obj
                                                  00_code/01_bsp/hal/stm32f4xx-hal-driver/CMakeFiles/stm32f4xx_hal_driver_component.dir/Src/stm32f4xx_hal_rcc.c.obj
HAL_GPIO_LockPin                                  00_code/01_bsp/hal/stm32f4xx-hal-driver/CMakeFiles/stm32f4xx_hal_driver_component.dir/Src/stm32f4xx_hal_gpio.c.obj
HAL_GPIO_ReadPin                                  00_code/01_bsp/hal/stm32f4xx-hal-driver/CMakeFiles/stm32f4xx_hal_driver_component.dir/Src/stm32f4xx_hal_gpio.c.obj
HAL_GPIO_TogglePin                                00_code/01_bsp/hal/stm32f4xx-hal-driver/CMakeFiles/stm32f4xx_hal_driver_component.dir/Src/stm32f4xx_hal_gpio.c.obj
HAL_GPIO_WritePin                                 00_code/01_bsp/hal/stm32f4xx-hal-driver/CMakeFiles/stm32f4xx_hal_driver_component.dir/Src/stm32f4xx_hal_gpio.c.obj
                                                  00_code/30_main/CMakeFiles/main_component.dir/Src/gpio.c.obj
HAL_GetDEVID                                      00_code/01_bsp/hal/stm32f4xx-hal-driver/CMakeFiles/stm32f4xx_hal_driver_component.dir/Src/stm32f4xx_hal.c.obj
HAL_GetHalVersion                                 00_code/01_bsp/hal/stm32f4xx-hal-driver/CMakeFiles/stm32f4xx_hal_driver_component.dir/Src/stm32f4xx_hal.c.obj
HAL_GetREVID                                      00_code/01_bsp/hal/stm32f4xx-hal-driver/CMakeFiles/stm32f4xx_hal_driver_component.dir/Src/stm32f4xx_hal.c.obj
HAL_GetTick                                       00_code/01_bsp/hal/stm32f4xx-hal-driver/CMakeFiles/stm32f4xx_hal_driver_component.dir/Src/stm32f4xx_hal.c.obj
                                                  00_code/01_bsp/hal/stm32f4xx-hal-driver/CMakeFiles/stm32f4xx_hal_driver_component.dir/Src/stm32f4xx_hal_spi.c.obj
                                                  00_code/01_bsp/hal/stm32f4xx-hal-driver/CMakeFiles/stm32f4xx_hal_driver_component.dir/Src/stm32f4xx_hal_smbus.c.obj
                                                  00_code/01_bsp/hal/stm32f4xx-hal-driver/CMakeFiles/stm32f4xx_hal_driver_component.dir/Src/stm32f4xx_hal_smartcard.c.obj
                                                  00_code/01_bsp/hal/stm32f4xx-hal-driver/CMakeFiles/stm32f4xx_hal_driver_component.dir/Src/stm32f4xx_hal_sd.c.obj
                                                  00_code/01_bsp/hal/stm32f4xx-hal-driver/CMakeFiles/stm32f4xx_hal_driver_component.dir/Src/stm32f4xx_hal_rtc_ex.c.obj
                                                  00_code/01_bsp/hal/stm32f4xx-hal-driver/CMakeFiles/stm32f4xx_hal_driver_component.dir/Src/stm32f4xx_hal_rtc.c.obj
                                                  00_code/01_bsp/hal/stm32f4xx-hal-driver/CMakeFiles/stm32f4xx_hal_driver_component.dir/Src/stm32f4xx_hal_flash.c.obj
                                                  00_code/01_bsp/hal/stm32f4xx-hal-driver/CMakeFiles/stm32f4xx_hal_driver_component.dir/Src/stm32f4xx_hal_rcc_ex.c.obj
                                                  00_code/01_bsp/hal/stm32f4xx-hal-driver/CMakeFiles/stm32f4xx_hal_driver_component.dir/Src/stm32f4xx_hal_rcc.c.obj
                                                  00_code/01_bsp/hal/stm32f4xx-hal-driver/CMakeFiles/stm32f4xx_hal_driver_component.dir/Src/stm32f4xx_hal_pwr_ex.c.obj
                                                  00_code/01_bsp/hal/stm32f4xx-hal-driver/CMakeFiles/stm32f4xx_hal_driver_component.dir/Src/stm32f4xx_hal_dma.c.obj
                                                  00_code/01_bsp/hal/stm32f4xx-hal-driver/CMakeFiles/stm32f4xx_hal_driver_component.dir/Src/stm32f4xx_hal_mmc.c.obj
                                                  00_code/01_bsp/hal/stm32f4xx-hal-driver/CMakeFiles/stm32f4xx_hal_driver_component.dir/Src/stm32f4xx_hal_usart.c.obj
                                                  00_code/01_bsp/hal/stm32f4xx-hal-driver/CMakeFiles/stm32f4xx_hal_driver_component.dir/Src/stm32f4xx_hal_uart.c.obj
                                                  00_code/01_bsp/hal/stm32f4xx-hal-driver/CMakeFiles/stm32f4xx_hal_driver_component.dir/Src/stm32f4xx_hal_iwdg.c.obj
                                                  00_code/01_bsp/hal/stm32f4xx-hal-driver/CMakeFiles/stm32f4xx_hal_driver_component.dir/Src/stm32f4xx_hal_irda.c.obj
                                                  00_code/01_bsp/hal/stm32f4xx-hal-driver/CMakeFiles/stm32f4xx_hal_driver_component.dir/Src/stm32f4xx_hal_i2s_ex.c.obj
                                                  00_code/01_bsp/hal/stm32f4xx-hal-driver/CMakeFiles/stm32f4xx_hal_driver_component.dir/Src/stm32f4xx_hal_adc_ex.c.obj
                                                  00_code/01_bsp/hal/stm32f4xx-hal-driver/CMakeFiles/stm32f4xx_hal_driver_component.dir/Src/stm32f4xx_hal_i2s.c.obj
                                                  00_code/01_bsp/hal/stm32f4xx-hal-driver/CMakeFiles/stm32f4xx_hal_driver_component.dir/Src/stm32f4xx_hal_adc.c.obj
                                                  00_code/01_bsp/hal/stm32f4xx-hal-driver/CMakeFiles/stm32f4xx_hal_driver_component.dir/Src/stm32f4xx_hal_i2c.c.obj
HAL_GetTickFreq                                   00_code/01_bsp/hal/stm32f4xx-hal-driver/CMakeFiles/stm32f4xx_hal_driver_component.dir/Src/stm32f4xx_hal.c.obj
HAL_GetTickPrio                                   00_code/01_bsp/hal/stm32f4xx-hal-driver/CMakeFiles/stm32f4xx_hal_driver_component.dir/Src/stm32f4xx_hal.c.obj
HAL_GetUIDw0                                      00_code/01_bsp/hal/stm32f4xx-hal-driver/CMakeFiles/stm32f4xx_hal_driver_component.dir/Src/stm32f4xx_hal.c.obj
HAL_GetUIDw1                                      00_code/01_bsp/hal/stm32f4xx-hal-driver/CMakeFiles/stm32f4xx_hal_driver_component.dir/Src/stm32f4xx_hal.c.obj
HAL_GetUIDw2                                      00_code/01_bsp/hal/stm32f4xx-hal-driver/CMakeFiles/stm32f4xx_hal_driver_component.dir/Src/stm32f4xx_hal.c.obj
HAL_HCD_Connect_Callback                          00_code/01_bsp/hal/stm32f4xx-hal-driver/CMakeFiles/stm32f4xx_hal_driver_component.dir/Src/stm32f4xx_hal_hcd.c.obj
HAL_HCD_DeInit                                    00_code/01_bsp/hal/stm32f4xx-hal-driver/CMakeFiles/stm32f4xx_hal_driver_component.dir/Src/stm32f4xx_hal_hcd.c.obj
HAL_HCD_Disconnect_Callback                       00_code/01_bsp/hal/stm32f4xx-hal-driver/CMakeFiles/stm32f4xx_hal_driver_component.dir/Src/stm32f4xx_hal_hcd.c.obj
HAL_HCD_GetCurrentFrame                           00_code/01_bsp/hal/stm32f4xx-hal-driver/CMakeFiles/stm32f4xx_hal_driver_component.dir/Src/stm32f4xx_hal_hcd.c.obj
HAL_HCD_GetCurrentSpeed                           00_code/01_bsp/hal/stm32f4xx-hal-driver/CMakeFiles/stm32f4xx_hal_driver_component.dir/Src/stm32f4xx_hal_hcd.c.obj
HAL_HCD_GetState                                  00_code/01_bsp/hal/stm32f4xx-hal-driver/CMakeFiles/stm32f4xx_hal_driver_component.dir/Src/stm32f4xx_hal_hcd.c.obj
HAL_HCD_HC_ClearHubInfo                           00_code/01_bsp/hal/stm32f4xx-hal-driver/CMakeFiles/stm32f4xx_hal_driver_component.dir/Src/stm32f4xx_hal_hcd.c.obj
HAL_HCD_HC_GetState                               00_code/01_bsp/hal/stm32f4xx-hal-driver/CMakeFiles/stm32f4xx_hal_driver_component.dir/Src/stm32f4xx_hal_hcd.c.obj
HAL_HCD_HC_GetURBState                            00_code/01_bsp/hal/stm32f4xx-hal-driver/CMakeFiles/stm32f4xx_hal_driver_component.dir/Src/stm32f4xx_hal_hcd.c.obj
HAL_HCD_HC_GetXferCount                           00_code/01_bsp/hal/stm32f4xx-hal-driver/CMakeFiles/stm32f4xx_hal_driver_component.dir/Src/stm32f4xx_hal_hcd.c.obj
HAL_HCD_HC_Halt                                   00_code/01_bsp/hal/stm32f4xx-hal-driver/CMakeFiles/stm32f4xx_hal_driver_component.dir/Src/stm32f4xx_hal_hcd.c.obj
HAL_HCD_HC_Init                                   00_code/01_bsp/hal/stm32f4xx-hal-driver/CMakeFiles/stm32f4xx_hal_driver_component.dir/Src/stm32f4xx_hal_hcd.c.obj
HAL_HCD_HC_NotifyURBChange_Callback               00_code/01_bsp/hal/stm32f4xx-hal-driver/CMakeFiles/stm32f4xx_hal_driver_component.dir/Src/stm32f4xx_hal_hcd.c.obj
HAL_HCD_HC_SetHubInfo                             00_code/01_bsp/hal/stm32f4xx-hal-driver/CMakeFiles/stm32f4xx_hal_driver_component.dir/Src/stm32f4xx_hal_hcd.c.obj
HAL_HCD_HC_SubmitRequest                          00_code/01_bsp/hal/stm32f4xx-hal-driver/CMakeFiles/stm32f4xx_hal_driver_component.dir/Src/stm32f4xx_hal_hcd.c.obj
HAL_HCD_IRQHandler                                00_code/01_bsp/hal/stm32f4xx-hal-driver/CMakeFiles/stm32f4xx_hal_driver_component.dir/Src/stm32f4xx_hal_hcd.c.obj
HAL_HCD_Init                                      00_code/01_bsp/hal/stm32f4xx-hal-driver/CMakeFiles/stm32f4xx_hal_driver_component.dir/Src/stm32f4xx_hal_hcd.c.obj
HAL_HCD_MspDeInit                                 00_code/01_bsp/hal/stm32f4xx-hal-driver/CMakeFiles/stm32f4xx_hal_driver_component.dir/Src/stm32f4xx_hal_hcd.c.obj
HAL_HCD_MspInit                                   00_code/01_bsp/hal/stm32f4xx-hal-driver/CMakeFiles/stm32f4xx_hal_driver_component.dir/Src/stm32f4xx_hal_hcd.c.obj
HAL_HCD_PortDisabled_Callback                     00_code/01_bsp/hal/stm32f4xx-hal-driver/CMakeFiles/stm32f4xx_hal_driver_component.dir/Src/stm32f4xx_hal_hcd.c.obj
HAL_HCD_PortEnabled_Callback                      00_code/01_bsp/hal/stm32f4xx-hal-driver/CMakeFiles/stm32f4xx_hal_driver_component.dir/Src/stm32f4xx_hal_hcd.c.obj
HAL_HCD_ResetPort                                 00_code/01_bsp/hal/stm32f4xx-hal-driver/CMakeFiles/stm32f4xx_hal_driver_component.dir/Src/stm32f4xx_hal_hcd.c.obj
HAL_HCD_SOF_Callback                              00_code/01_bsp/hal/stm32f4xx-hal-driver/CMakeFiles/stm32f4xx_hal_driver_component.dir/Src/stm32f4xx_hal_hcd.c.obj
HAL_HCD_Start                                     00_code/01_bsp/hal/stm32f4xx-hal-driver/CMakeFiles/stm32f4xx_hal_driver_component.dir/Src/stm32f4xx_hal_hcd.c.obj
HAL_HCD_Stop                                      00_code/01_bsp/hal/stm32f4xx-hal-driver/CMakeFiles/stm32f4xx_hal_driver_component.dir/Src/stm32f4xx_hal_hcd.c.obj
HAL_HCD_WKUP_IRQHandler                           00_code/01_bsp/hal/stm32f4xx-hal-driver/CMakeFiles/stm32f4xx_hal_driver_component.dir/Src/stm32f4xx_hal_hcd.c.obj
HAL_HalfDuplex_EnableReceiver                     00_code/01_bsp/hal/stm32f4xx-hal-driver/CMakeFiles/stm32f4xx_hal_driver_component.dir/Src/stm32f4xx_hal_uart.c.obj
HAL_HalfDuplex_EnableTransmitter                  00_code/01_bsp/hal/stm32f4xx-hal-driver/CMakeFiles/stm32f4xx_hal_driver_component.dir/Src/stm32f4xx_hal_uart.c.obj
HAL_HalfDuplex_Init                               00_code/01_bsp/hal/stm32f4xx-hal-driver/CMakeFiles/stm32f4xx_hal_driver_component.dir/Src/stm32f4xx_hal_uart.c.obj
HAL_I2CEx_ConfigAnalogFilter                      00_code/01_bsp/hal/stm32f4xx-hal-driver/CMakeFiles/stm32f4xx_hal_driver_component.dir/Src/stm32f4xx_hal_i2c_ex.c.obj
HAL_I2CEx_ConfigDigitalFilter                     00_code/01_bsp/hal/stm32f4xx-hal-driver/CMakeFiles/stm32f4xx_hal_driver_component.dir/Src/stm32f4xx_hal_i2c_ex.c.obj